Archive member included to satisfy reference by file (symbol)

/usr/lib/gcc/arm-none-eabi/13.1.0/thumb/v7-m/nofp/libgcc.a(_arm_muldf3.o)
                              CMakeFiles/quadcopter_dsp.dir/Core/Src/drivers/motors.c.obj (__aeabi_dmul)
/usr/lib/gcc/arm-none-eabi/13.1.0/thumb/v7-m/nofp/libgcc.a(_arm_mulsf3.o)
                              CMakeFiles/quadcopter_dsp.dir/Core/Src/drivers/mpu6050.c.obj (__aeabi_fmul)
/usr/lib/gcc/arm-none-eabi/13.1.0/thumb/v7-m/nofp/libgcc.a(_arm_addsubdf3.o)
                              CMakeFiles/quadcopter_dsp.dir/Core/Src/drivers/motors.c.obj (__aeabi_dsub)
/usr/lib/gcc/arm-none-eabi/13.1.0/thumb/v7-m/nofp/libgcc.a(_arm_muldivdf3.o)
                              CMakeFiles/quadcopter_dsp.dir/Core/Src/drivers/mpu6050.c.obj (__aeabi_ddiv)
/usr/lib/gcc/arm-none-eabi/13.1.0/thumb/v7-m/nofp/libgcc.a(_arm_fixunsdfsi.o)
                              CMakeFiles/quadcopter_dsp.dir/Core/Src/drivers/motors.c.obj (__aeabi_d2uiz)
/usr/lib/gcc/arm-none-eabi/13.1.0/thumb/v7-m/nofp/libgcc.a(_arm_truncdfsf2.o)
                              CMakeFiles/quadcopter_dsp.dir/Core/Src/drivers/mpu6050.c.obj (__aeabi_d2f)
/usr/lib/gcc/arm-none-eabi/13.1.0/thumb/v7-m/nofp/libgcc.a(_arm_addsubsf3.o)
                              CMakeFiles/quadcopter_dsp.dir/Core/Src/drivers/mpu6050.c.obj (__aeabi_fsub)
/usr/lib/gcc/arm-none-eabi/13.1.0/thumb/v7-m/nofp/libgcc.a(_arm_muldivsf3.o)
                              CMakeFiles/quadcopter_dsp.dir/Core/Src/drivers/mpu6050.c.obj (__aeabi_fdiv)
/usr/lib/gcc/arm-none-eabi/13.1.0/thumb/v7-m/nofp/libgcc.a(_arm_cmpsf2.o)
                              CMakeFiles/quadcopter_dsp.dir/Core/Src/dsp/angle_estimation.c.obj (__aeabi_fcmpeq)
/usr/lib/gcc/arm-none-eabi/13.1.0/thumb/v7-m/nofp/libgcc.a(_arm_fixsfsi.o)
                              CMakeFiles/quadcopter_dsp.dir/Core/Src/dsp/stabilizer.c.obj (__aeabi_f2iz)
/usr/lib/gcc/arm-none-eabi/13.1.0/../../../../arm-none-eabi/lib/thumb/v7-m/nofp/libc_nano.a(libc_a-atexit.o)
                              /usr/lib/gcc/arm-none-eabi/13.1.0/../../../../arm-none-eabi/lib/thumb/v7-m/nofp/crt0.o (atexit)
/usr/lib/gcc/arm-none-eabi/13.1.0/../../../../arm-none-eabi/lib/thumb/v7-m/nofp/libc_nano.a(libc_a-exit.o)
                              /usr/lib/gcc/arm-none-eabi/13.1.0/../../../../arm-none-eabi/lib/thumb/v7-m/nofp/crt0.o (exit)
/usr/lib/gcc/arm-none-eabi/13.1.0/../../../../arm-none-eabi/lib/thumb/v7-m/nofp/libc_nano.a(libc_a-findfp.o)
                              /usr/lib/gcc/arm-none-eabi/13.1.0/../../../../arm-none-eabi/lib/thumb/v7-m/nofp/libc_nano.a(libc_a-exit.o) (__stdio_exit_handler)
/usr/lib/gcc/arm-none-eabi/13.1.0/../../../../arm-none-eabi/lib/thumb/v7-m/nofp/libc_nano.a(libc_a-fwalk.o)
                              /usr/lib/gcc/arm-none-eabi/13.1.0/../../../../arm-none-eabi/lib/thumb/v7-m/nofp/libc_nano.a(libc_a-findfp.o) (_fwalk_sglue)
/usr/lib/gcc/arm-none-eabi/13.1.0/../../../../arm-none-eabi/lib/thumb/v7-m/nofp/libc_nano.a(libc_a-stdio.o)
                              /usr/lib/gcc/arm-none-eabi/13.1.0/../../../../arm-none-eabi/lib/thumb/v7-m/nofp/libc_nano.a(libc_a-findfp.o) (__sread)
/usr/lib/gcc/arm-none-eabi/13.1.0/../../../../arm-none-eabi/lib/thumb/v7-m/nofp/libc_nano.a(libc_a-memset.o)
                              /usr/lib/gcc/arm-none-eabi/13.1.0/../../../../arm-none-eabi/lib/thumb/v7-m/nofp/crt0.o (memset)
/usr/lib/gcc/arm-none-eabi/13.1.0/../../../../arm-none-eabi/lib/thumb/v7-m/nofp/libc_nano.a(libc_a-closer.o)
                              /usr/lib/gcc/arm-none-eabi/13.1.0/../../../../arm-none-eabi/lib/thumb/v7-m/nofp/libc_nano.a(libc_a-stdio.o) (_close_r)
/usr/lib/gcc/arm-none-eabi/13.1.0/../../../../arm-none-eabi/lib/thumb/v7-m/nofp/libc_nano.a(libc_a-reent.o)
                              /usr/lib/gcc/arm-none-eabi/13.1.0/../../../../arm-none-eabi/lib/thumb/v7-m/nofp/libc_nano.a(libc_a-closer.o) (errno)
/usr/lib/gcc/arm-none-eabi/13.1.0/../../../../arm-none-eabi/lib/thumb/v7-m/nofp/libc_nano.a(libc_a-impure.o)
                              /usr/lib/gcc/arm-none-eabi/13.1.0/../../../../arm-none-eabi/lib/thumb/v7-m/nofp/libc_nano.a(libc_a-reent.o) (_impure_ptr)
/usr/lib/gcc/arm-none-eabi/13.1.0/../../../../arm-none-eabi/lib/thumb/v7-m/nofp/libc_nano.a(libc_a-lseekr.o)
                              /usr/lib/gcc/arm-none-eabi/13.1.0/../../../../arm-none-eabi/lib/thumb/v7-m/nofp/libc_nano.a(libc_a-stdio.o) (_lseek_r)
/usr/lib/gcc/arm-none-eabi/13.1.0/../../../../arm-none-eabi/lib/thumb/v7-m/nofp/libc_nano.a(libc_a-readr.o)
                              /usr/lib/gcc/arm-none-eabi/13.1.0/../../../../arm-none-eabi/lib/thumb/v7-m/nofp/libc_nano.a(libc_a-stdio.o) (_read_r)
/usr/lib/gcc/arm-none-eabi/13.1.0/../../../../arm-none-eabi/lib/thumb/v7-m/nofp/libc_nano.a(libc_a-writer.o)
                              /usr/lib/gcc/arm-none-eabi/13.1.0/../../../../arm-none-eabi/lib/thumb/v7-m/nofp/libc_nano.a(libc_a-stdio.o) (_write_r)
[...]
Memory Configuration

Name             Origin             Length             Attributes
RAM              0x20000000         0x00002800         xrw
FLASH            0x08000000         0x00008000         xr
*default*        0x00000000         0xffffffff

Linker script and memory map

LOAD /usr/lib/gcc/arm-none-eabi/13.1.0/thumb/v7-m/nofp/crti.o
LOAD /usr/lib/gcc/arm-none-eabi/13.1.0/thumb/v7-m/nofp/crtbegin.o
LOAD /usr/lib/gcc/arm-none-eabi/13.1.0/../../../../arm-none-eabi/lib/thumb/v7-m/nofp/crt0.o
LOAD CMakeFiles/quadcopter_dsp.dir/Drivers/STM32F1xx_HAL_Driver/Src/stm32f1xx_hal.c.obj
LOAD CMakeFiles/quadcopter_dsp.dir/Drivers/STM32F1xx_HAL_Driver/Src/stm32f1xx_hal_cortex.c.obj
LOAD CMakeFiles/quadcopter_dsp.dir/Drivers/STM32F1xx_HAL_Driver/Src/stm32f1xx_hal_dma.c.obj
LOAD CMakeFiles/quadcopter_dsp.dir/Drivers/STM32F1xx_HAL_Driver/Src/stm32f1xx_hal_exti.c.obj
LOAD CMakeFiles/quadcopter_dsp.dir/Drivers/STM32F1xx_HAL_Driver/Src/stm32f1xx_hal_flash.c.obj
LOAD CMakeFiles/quadcopter_dsp.dir/Drivers/STM32F1xx_HAL_Driver/Src/stm32f1xx_hal_flash_ex.c.obj
LOAD CMakeFiles/quadcopter_dsp.dir/Drivers/STM32F1xx_HAL_Driver/Src/stm32f1xx_hal_gpio.c.obj
LOAD CMakeFiles/quadcopter_dsp.dir/Drivers/STM32F1xx_HAL_Driver/Src/stm32f1xx_hal_gpio_ex.c.obj
LOAD CMakeFiles/quadcopter_dsp.dir/Drivers/STM32F1xx_HAL_Driver/Src/stm32f1xx_hal_i2c.c.obj
LOAD CMakeFiles/quadcopter_dsp.dir/Drivers/STM32F1xx_HAL_Driver/Src/stm32f1xx_hal_pwr.c.obj
LOAD CMakeFiles/quadcopter_dsp.dir/Drivers/STM32F1xx_HAL_Driver/Src/stm32f1xx_hal_rcc.c.obj
LOAD CMakeFiles/quadcopter_dsp.dir/Drivers/STM32F1xx_HAL_Driver/Src/stm32f1xx_hal_rcc_ex.c.obj
LOAD CMakeFiles/quadcopter_dsp.dir/Drivers/STM32F1xx_HAL_Driver/Src/stm32f1xx_hal_spi.c.obj
LOAD CMakeFiles/quadcopter_dsp.dir/Drivers/STM32F1xx_HAL_Driver/Src/stm32f1xx_hal_tim.c.obj
LOAD CMakeFiles/quadcopter_dsp.dir/Drivers/STM32F1xx_HAL_Driver/Src/stm32f1xx_hal_tim_ex.c.obj
LOAD CMakeFiles/quadcopter_dsp.dir/Core/Src/dma.c.obj
LOAD CMakeFiles/quadcopter_dsp.dir/Core/Src/drivers/flash_memory.c.obj
LOAD CMakeFiles/quadcopter_dsp.dir/Core/Src/drivers/motors.c.obj
LOAD CMakeFiles/quadcopter_dsp.dir/Core/Src/drivers/mpu6050.c.obj
LOAD CMakeFiles/quadcopter_dsp.dir/Core/Src/drivers/nrf24l01.c.obj
LOAD CMakeFiles/quadcopter_dsp.dir/Core/Src/drivers/w25q64.c.obj
LOAD CMakeFiles/quadcopter_dsp.dir/Core/Src/dsp/angle_estimation.c.obj
LOAD CMakeFiles/quadcopter_dsp.dir/Core/Src/dsp/filters.c.obj
LOAD CMakeFiles/quadcopter_dsp.dir/Core/Src/dsp/pid.c.obj
LOAD CMakeFiles/quadcopter_dsp.dir/Core/Src/dsp/stabilizer.c.obj
LOAD CMakeFiles/quadcopter_dsp.dir/Core/Src/gpio.c.obj
LOAD CMakeFiles/quadcopter_dsp.dir/Core/Src/i2c.c.obj
LOAD CMakeFiles/quadcopter_dsp.dir/Core/Src/logger.c.obj
LOAD CMakeFiles/quadcopter_dsp.dir/Core/Src/main.c.obj
LOAD CMakeFiles/quadcopter_dsp.dir/Core/Src/rc.c.obj
LOAD CMakeFiles/quadcopter_dsp.dir/Core/Src/spi.c.obj
LOAD CMakeFiles/quadcopter_dsp.dir/Core/Src/stm32f1xx_hal_msp.c.obj
LOAD CMakeFiles/quadcopter_dsp.dir/Core/Src/stm32f1xx_it.c.obj
LOAD CMakeFiles/quadcopter_dsp.dir/Core/Src/system_stm32f1xx.c.obj
LOAD CMakeFiles/quadcopter_dsp.dir/Core/Src/tim.c.obj
LOAD CMakeFiles/quadcopter_dsp.dir/startup_stm32f103x6.s.obj
START GROUP
LOAD /usr/lib/gcc/arm-none-eabi/13.1.0/thumb/v7-m/nofp/libgcc.a
LOAD /usr/lib/gcc/arm-none-eabi/13.1.0/../../../../arm-none-eabi/lib/thumb/v7-m/nofp/libc_nano.a
END GROUP
START GROUP
LOAD /usr/lib/gcc/arm-none-eabi/13.1.0/thumb/v7-m/nofp/libgcc.a
LOAD /usr/lib/gcc/arm-none-eabi/13.1.0/../../../../arm-none-eabi/lib/thumb/v7-m/nofp/libc_nano.a
END GROUP
LOAD /usr/lib/gcc/arm-none-eabi/13.1.0/thumb/v7-m/nofp/crtend.o
LOAD /usr/lib/gcc/arm-none-eabi/13.1.0/thumb/v7-m/nofp/crtn.o
                0x20002800                        _estack = (ORIGIN (RAM) + LENGTH (RAM))
                0x00000200                        _Min_Heap_Size = 0x200
                0x00000400                        _Min_Stack_Size = 0x400

.isr_vector     0x08000000      0x10c
                0x08000000                        . = ALIGN (0x4)
 *(.isr_vector)
 .isr_vector    0x08000000      0x10c CMakeFiles/quadcopter_dsp.dir/startup_stm32f103x6.s.obj
                0x08000000                g_pfnVectors
                0x0800010c                        . = ALIGN (0x4)

.text           0x08000110     0x70cc
                0x08000110                        . = ALIGN (0x4)
 *(.text)
 .text          0x08000110       0x88 /usr/lib/gcc/arm-none-eabi/13.1.0/thumb/v7-m/nofp/crtbegin.o
 .text          0x08000198      0x378 /usr/lib/gcc/arm-none-eabi/13.1.0/thumb/v7-m/nofp/libgcc.a(_arm_addsubdf3.o)
                0x08000198                __aeabi_drsub
                0x080001a0                __aeabi_dsub
                0x080001a0                __subdf3
                0x080001a4                __adddf3
                0x080001a4                __aeabi_dadd
                0x0800041c                __aeabi_ui2d
                0x0800041c                __floatunsidf
                0x0800043c                __floatsidf
                0x0800043c                __aeabi_i2d
                0x08000460                __extendsfdf2
                0x08000460                __aeabi_f2d
                0x080004a4                __aeabi_ul2d
                0x080004a4                __floatundidf
                0x080004b4                __floatdidf
                0x080004b4                __aeabi_l2d
 .text          0x08000510      0x424 /usr/lib/gcc/arm-none-eabi/13.1.0/thumb/v7-m/nofp/libgcc.a(_arm_muldivdf3.o)
                0x08000510                __aeabi_dmul
                0x08000510                __muldf3
                0x08000764                __aeabi_ddiv
                0x08000764                __divdf3
 .text          0x08000934       0x40 /usr/lib/gcc/arm-none-eabi/13.1.0/thumb/v7-m/nofp/libgcc.a(_arm_fixunsdfsi.o)
                0x08000934                __fixunsdfsi
                0x08000934                __aeabi_d2uiz
 .text          0x08000974       0xa0 /usr/lib/gcc/arm-none-eabi/13.1.0/thumb/v7-m/nofp/libgcc.a(_arm_truncdfsf2.o)
                0x08000974                __aeabi_d2f
                0x08000974                __truncdfsf2
 .text          0x08000a14      0x21c /usr/lib/gcc/arm-none-eabi/13.1.0/thumb/v7-m/nofp/libgcc.a(_arm_addsubsf3.o)
                0x08000a14                __aeabi_frsub
                0x08000a1c                __subsf3
                0x08000a1c                __aeabi_fsub
                0x08000a20                __aeabi_fadd
                0x08000a20                __addsf3
                0x08000b80                __aeabi_ui2f
                0x08000b80                __floatunsisf
                0x08000b88                __aeabi_i2f
                0x08000b88                __floatsisf
                0x08000ba4                __floatundisf
                0x08000ba4                __aeabi_ul2f
                0x08000bb4                __floatdisf
                0x08000bb4                __aeabi_l2f
 .text          0x08000c30      0x2a0 /usr/lib/gcc/arm-none-eabi/13.1.0/thumb/v7-m/nofp/libgcc.a(_arm_muldivsf3.o)
                0x08000c30                __mulsf3
                0x08000c30                __aeabi_fmul
                0x08000d98                __divsf3
                0x08000d98                __aeabi_fdiv
 .text          0x08000ed0       0xec /usr/lib/gcc/arm-none-eabi/13.1.0/thumb/v7-m/nofp/libgcc.a(_arm_cmpsf2.o)
                0x08000ed0                __gtsf2
                0x08000ed0                __gesf2
                0x08000ed8                __lesf2
                0x08000ed8                __ltsf2
                0x08000ee0                __nesf2
                0x08000ee0                __eqsf2
                0x08000ee0                __cmpsf2
                0x08000f40                __aeabi_cfrcmple
                0x08000f48                __aeabi_cfcmple
                0x08000f48                __aeabi_cfcmpeq
                0x08000f58                __aeabi_fcmpeq
                0x08000f6c                __aeabi_fcmplt
                0x08000f80                __aeabi_fcmple
                0x08000f94                __aeabi_fcmpge
                0x08000fa8                __aeabi_fcmpgt
 .text          0x08000fbc       0x4c /usr/lib/gcc/arm-none-eabi/13.1.0/thumb/v7-m/nofp/libgcc.a(_arm_fixsfsi.o)
                0x08000fbc                __fixsfsi
                0x08000fbc                __aeabi_f2iz
 .text          0x08001008      0x110 /usr/lib/gcc/arm-none-eabi/13.1.0/thumb/v7-m/nofp/libgcc.a(_arm_cmpdf2.o)
                0x08001008                __gtdf2
                0x08001008                __gedf2
                0x08001010                __ltdf2
                0x08001010                __ledf2
                0x08001018                __cmpdf2
                0x08001018                __eqdf2
                0x08001018                __nedf2
                0x08001094                __aeabi_cdrcmple
                0x080010a4                __aeabi_cdcmple
                0x080010a4                __aeabi_cdcmpeq
                0x080010b4                __aeabi_dcmpeq
                0x080010c8                __aeabi_dcmplt
                0x080010dc                __aeabi_dcmple
                0x080010f0                __aeabi_dcmpge
                0x08001104                __aeabi_dcmpgt
 .text          0x08001118       0x2c /usr/lib/gcc/arm-none-eabi/13.1.0/thumb/v7-m/nofp/libgcc.a(_arm_unorddf2.o)
                0x08001118                __aeabi_dcmpun
                0x08001118                __unorddf2
 .text          0x08001144       0x2c /usr/lib/gcc/arm-none-eabi/13.1.0/thumb/v7-m/nofp/libgcc.a(_arm_unordsf2.o)
                0x08001144                __aeabi_fcmpun
                0x08001144                __unordsf2
 *(.text*)
 .text.HAL_InitTick
                0x08001170       0x48 CMakeFiles/quadcopter_dsp.dir/Drivers/STM32F1xx_HAL_Driver/Src/stm32f1xx_hal.c.obj
                0x08001170                HAL_InitTick
 .text.HAL_Init
                0x080011b8       0x24 CMakeFiles/quadcopter_dsp.dir/Drivers/STM32F1xx_HAL_Driver/Src/stm32f1xx_hal.c.obj
                0x080011b8                HAL_Init
 .text.HAL_IncTick
                0x080011dc       0x18 CMakeFiles/quadcopter_dsp.dir/Drivers/STM32F1xx_HAL_Driver/Src/stm32f1xx_hal.c.obj
                0x080011dc                HAL_IncTick
 .text.HAL_GetTick
                0x080011f4        0xc CMakeFiles/quadcopter_dsp.dir/Drivers/STM32F1xx_HAL_Driver/Src/stm32f1xx_hal.c.obj
                0x080011f4                HAL_GetTick
 .text.HAL_Delay
                0x08001200       0x24 CMakeFiles/quadcopter_dsp.dir/Drivers/STM32F1xx_HAL_Driver/Src/stm32f1xx_hal.c.obj
                0x08001200                HAL_Delay
 .text.HAL_NVIC_SetPriorityGrouping
                0x08001224       0x24 CMakeFiles/quadcopter_dsp.dir/Drivers/STM32F1xx_HAL_Driver/Src/stm32f1xx_hal_cortex.c.obj
                0x08001224                HAL_NVIC_SetPriorityGrouping
 .text.HAL_NVIC_SetPriority
                0x08001248       0x60 CMakeFiles/quadcopter_dsp.dir/Drivers/STM32F1xx_HAL_Driver/Src/stm32f1xx_hal_cortex.c.obj
                0x08001248                HAL_NVIC_SetPriority
 .text.HAL_NVIC_EnableIRQ
                0x080012a8       0x1c CMakeFiles/quadcopter_dsp.dir/Drivers/STM32F1xx_HAL_Driver/Src/stm32f1xx_hal_cortex.c.obj
                0x080012a8                HAL_NVIC_EnableIRQ
 .text.HAL_SYSTICK_Config
                0x080012c4       0x28 CMakeFiles/quadcopter_dsp.dir/Drivers/STM32F1xx_HAL_Driver/Src/stm32f1xx_hal_cortex.c.obj
                0x080012c4                HAL_SYSTICK_Config
 .text.HAL_DMA_Init
                0x080012ec       0x60 CMakeFiles/quadcopter_dsp.dir/Drivers/STM32F1xx_HAL_Driver/Src/stm32f1xx_hal_dma.c.obj
                0x080012ec                HAL_DMA_Init
 .text.HAL_DMA_Start_IT
                0x0800134c       0x78 CMakeFiles/quadcopter_dsp.dir/Drivers/STM32F1xx_HAL_Driver/Src/stm32f1xx_hal_dma.c.obj
                0x0800134c                HAL_DMA_Start_IT
 .text.HAL_DMA_Abort_IT
                0x080013c4       0x8c CMakeFiles/quadcopter_dsp.dir/Drivers/STM32F1xx_HAL_Driver/Src/stm32f1xx_hal_dma.c.obj
                0x080013c4                HAL_DMA_Abort_IT
 .text.HAL_DMA_IRQHandler
                0x08001450      0x128 CMakeFiles/quadcopter_dsp.dir/Drivers/STM32F1xx_HAL_Driver/Src/stm32f1xx_hal_dma.c.obj
                0x08001450                HAL_DMA_IRQHandler
 .text.HAL_DMA_GetState
                0x08001578        0x6 CMakeFiles/quadcopter_dsp.dir/Drivers/STM32F1xx_HAL_Driver/Src/stm32f1xx_hal_dma.c.obj
                0x08001578                HAL_DMA_GetState
 *fill*         0x0800157e        0x2 
 .text.HAL_GPIO_Init
                0x08001580      0x19c CMakeFiles/quadcopter_dsp.dir/Drivers/STM32F1xx_HAL_Driver/Src/stm32f1xx_hal_gpio.c.obj
                0x08001580                HAL_GPIO_Init
 .text.HAL_GPIO_WritePin
                0x0800171c        0xa CMakeFiles/quadcopter_dsp.dir/Drivers/STM32F1xx_HAL_Driver/Src/stm32f1xx_hal_gpio.c.obj
                0x0800171c                HAL_GPIO_WritePin
 *fill*         0x08001726        0x2 
 .text.HAL_GPIO_EXTI_IRQHandler
                0x08001728       0x18 CMakeFiles/quadcopter_dsp.dir/Drivers/STM32F1xx_HAL_Driver/Src/stm32f1xx_hal_gpio.c.obj
                0x08001728                HAL_GPIO_EXTI_IRQHandler
 .text.I2C_IsAcknowledgeFailed
                0x08001740       0x32 CMakeFiles/quadcopter_dsp.dir/Drivers/STM32F1xx_HAL_Driver/Src/stm32f1xx_hal_i2c.c.obj
 .text.I2C_WaitOnFlagUntilTimeout
                0x08001772       0x80 CMakeFiles/quadcopter_dsp.dir/Drivers/STM32F1xx_HAL_Driver/Src/stm32f1xx_hal_i2c.c.obj
 .text.I2C_WaitOnMasterAddressFlagUntilTimeout
                0x080017f2       0x84 CMakeFiles/quadcopter_dsp.dir/Drivers/STM32F1xx_HAL_Driver/Src/stm32f1xx_hal_i2c.c.obj
 .text.I2C_WaitOnTXEFlagUntilTimeout
                0x08001876       0x54 CMakeFiles/quadcopter_dsp.dir/Drivers/STM32F1xx_HAL_Driver/Src/stm32f1xx_hal_i2c.c.obj
 *fill*         0x080018ca        0x2 
 .text.I2C_RequestMemoryWrite
                0x080018cc       0xb4 CMakeFiles/quadcopter_dsp.dir/Drivers/STM32F1xx_HAL_Driver/Src/stm32f1xx_hal_i2c.c.obj
 .text.I2C_RequestMemoryRead
                0x08001980      0x108 CMakeFiles/quadcopter_dsp.dir/Drivers/STM32F1xx_HAL_Driver/Src/stm32f1xx_hal_i2c.c.obj
 .text.I2C_WaitOnBTFFlagUntilTimeout
                0x08001a88       0x54 CMakeFiles/quadcopter_dsp.dir/Drivers/STM32F1xx_HAL_Driver/Src/stm32f1xx_hal_i2c.c.obj
 .text.I2C_WaitOnRXNEFlagUntilTimeout
                0x08001adc       0x66 CMakeFiles/quadcopter_dsp.dir/Drivers/STM32F1xx_HAL_Driver/Src/stm32f1xx_hal_i2c.c.obj
 *fill*         0x08001b42        0x2 
 .text.HAL_I2C_Init
                0x08001b44      0x150 CMakeFiles/quadcopter_dsp.dir/Drivers/STM32F1xx_HAL_Driver/Src/stm32f1xx_hal_i2c.c.obj
                0x08001b44                HAL_I2C_Init
 .text.HAL_I2C_Mem_Write
                0x08001c94      0x120 CMakeFiles/quadcopter_dsp.dir/Drivers/STM32F1xx_HAL_Driver/Src/stm32f1xx_hal_i2c.c.obj
                0x08001c94                HAL_I2C_Mem_Write
 .text.HAL_I2C_Mem_Read
                0x08001db4      0x278 CMakeFiles/quadcopter_dsp.dir/Drivers/STM32F1xx_HAL_Driver/Src/stm32f1xx_hal_i2c.c.obj
                0x08001db4                HAL_I2C_Mem_Read
 .text.HAL_I2C_Mem_Read_DMA
                0x0800202c      0x1d4 CMakeFiles/quadcopter_dsp.dir/Drivers/STM32F1xx_HAL_Driver/Src/stm32f1xx_hal_i2c.c.obj
                0x0800202c                HAL_I2C_Mem_Read_DMA
 .text.HAL_I2C_MasterTxCpltCallback
                0x08002200        0x2 CMakeFiles/quadcopter_dsp.dir/Drivers/STM32F1xx_HAL_Driver/Src/stm32f1xx_hal_i2c.c.obj
                0x08002200                HAL_I2C_MasterTxCpltCallback
 .text.HAL_I2C_MasterRxCpltCallback
                0x08002202        0x2 CMakeFiles/quadcopter_dsp.dir/Drivers/STM32F1xx_HAL_Driver/Src/stm32f1xx_hal_i2c.c.obj
                0x08002202                HAL_I2C_MasterRxCpltCallback
 .text.HAL_I2C_SlaveTxCpltCallback
                0x08002204        0x2 CMakeFiles/quadcopter_dsp.dir/Drivers/STM32F1xx_HAL_Driver/Src/stm32f1xx_hal_i2c.c.obj
                0x08002204                HAL_I2C_SlaveTxCpltCallback
 .text.HAL_I2C_SlaveRxCpltCallback
                0x08002206        0x2 CMakeFiles/quadcopter_dsp.dir/Drivers/STM32F1xx_HAL_Driver/Src/stm32f1xx_hal_i2c.c.obj
                0x08002206                HAL_I2C_SlaveRxCpltCallback
 .text.HAL_I2C_AddrCallback
                0x08002208        0x2 CMakeFiles/quadcopter_dsp.dir/Drivers/STM32F1xx_HAL_Driver/Src/stm32f1xx_hal_i2c.c.obj
                0x08002208                HAL_I2C_AddrCallback
 .text.HAL_I2C_ListenCpltCallback
                0x0800220a        0x2 CMakeFiles/quadcopter_dsp.dir/Drivers/STM32F1xx_HAL_Driver/Src/stm32f1xx_hal_i2c.c.obj
                0x0800220a                HAL_I2C_ListenCpltCallback
 .text.HAL_I2C_MemTxCpltCallback
                0x0800220c        0x2 CMakeFiles/quadcopter_dsp.dir/Drivers/STM32F1xx_HAL_Driver/Src/stm32f1xx_hal_i2c.c.obj
                0x0800220c                HAL_I2C_MemTxCpltCallback
 .text.I2C_MemoryTransmit_TXE_BTF
                0x0800220e       0xb0 CMakeFiles/quadcopter_dsp.dir/Drivers/STM32F1xx_HAL_Driver/Src/stm32f1xx_hal_i2c.c.obj
 .text.HAL_I2C_ErrorCallback
                0x080022be        0x2 CMakeFiles/quadcopter_dsp.dir/Drivers/STM32F1xx_HAL_Driver/Src/stm32f1xx_hal_i2c.c.obj
                0x080022be                HAL_I2C_ErrorCallback
 .text.I2C_DMAError
                0x080022c0       0x3a CMakeFiles/quadcopter_dsp.dir/Drivers/STM32F1xx_HAL_Driver/Src/stm32f1xx_hal_i2c.c.obj
 .text.I2C_DMAXferCplt
                0x080022fa      0x108 CMakeFiles/quadcopter_dsp.dir/Drivers/STM32F1xx_HAL_Driver/Src/stm32f1xx_hal_i2c.c.obj
 .text.HAL_I2C_AbortCpltCallback
                0x08002402        0x2 CMakeFiles/quadcopter_dsp.dir/Drivers/STM32F1xx_HAL_Driver/Src/stm32f1xx_hal_i2c.c.obj
                0x08002402                HAL_I2C_AbortCpltCallback
 .text.I2C_DMAAbort
                0x08002404       0xc0 CMakeFiles/quadcopter_dsp.dir/Drivers/STM32F1xx_HAL_Driver/Src/stm32f1xx_hal_i2c.c.obj
 .text.I2C_ITError
                0x080024c4      0x150 CMakeFiles/quadcopter_dsp.dir/Drivers/STM32F1xx_HAL_Driver/Src/stm32f1xx_hal_i2c.c.obj
 .text.HAL_I2C_EV_IRQHandler
                0x08002614      0x894 CMakeFiles/quadcopter_dsp.dir/Drivers/STM32F1xx_HAL_Driver/Src/stm32f1xx_hal_i2c.c.obj
                0x08002614                HAL_I2C_EV_IRQHandler
 .text.HAL_RCC_OscConfig
                0x08002ea8      0x338 CMakeFiles/quadcopter_dsp.dir/Drivers/STM32F1xx_HAL_Driver/Src/stm32f1xx_hal_rcc.c.obj
                0x08002ea8                HAL_RCC_OscConfig
 .text.HAL_RCC_GetSysClockFreq
                0x080031e0       0x4c CMakeFiles/quadcopter_dsp.dir/Drivers/STM32F1xx_HAL_Driver/Src/stm32f1xx_hal_rcc.c.obj
                0x080031e0                HAL_RCC_GetSysClockFreq
 .text.HAL_RCC_ClockConfig
                0x0800322c      0x138 CMakeFiles/quadcopter_dsp.dir/Drivers/STM32F1xx_HAL_Driver/Src/stm32f1xx_hal_rcc.c.obj
                0x0800322c                HAL_RCC_ClockConfig
 .text.HAL_RCC_GetPCLK1Freq
                0x08003364       0x20 CMakeFiles/quadcopter_dsp.dir/Drivers/STM32F1xx_HAL_Driver/Src/stm32f1xx_hal_rcc.c.obj
                0x08003364                HAL_RCC_GetPCLK1Freq
 .text.SPI_WaitFlagStateUntilTimeout.constprop.0
                0x08003384       0xb0 CMakeFiles/quadcopter_dsp.dir/Drivers/STM32F1xx_HAL_Driver/Src/stm32f1xx_hal_spi.c.obj
 .text.SPI_EndRxTransaction
                0x08003434       0x4e CMakeFiles/quadcopter_dsp.dir/Drivers/STM32F1xx_HAL_Driver/Src/stm32f1xx_hal_spi.c.obj
 .text.SPI_EndRxTxTransaction
                0x08003482       0x1c CMakeFiles/quadcopter_dsp.dir/Drivers/STM32F1xx_HAL_Driver/Src/stm32f1xx_hal_spi.c.obj
 .text.HAL_SPI_Init
                0x0800349e       0xb0 CMakeFiles/quadcopter_dsp.dir/Drivers/STM32F1xx_HAL_Driver/Src/stm32f1xx_hal_spi.c.obj
                0x0800349e                HAL_SPI_Init
 .text.HAL_SPI_Transmit
                0x0800354e      0x168 CMakeFiles/quadcopter_dsp.dir/Drivers/STM32F1xx_HAL_Driver/Src/stm32f1xx_hal_spi.c.obj
                0x0800354e                HAL_SPI_Transmit
 .text.HAL_SPI_TransmitReceive
                0x080036b6      0x1ea CMakeFiles/quadcopter_dsp.dir/Drivers/STM32F1xx_HAL_Driver/Src/stm32f1xx_hal_spi.c.obj
                0x080036b6                HAL_SPI_TransmitReceive
 .text.HAL_SPI_TransmitReceive_DMA
                0x080038a0      0x104 CMakeFiles/quadcopter_dsp.dir/Drivers/STM32F1xx_HAL_Driver/Src/stm32f1xx_hal_spi.c.obj
                0x080038a0                HAL_SPI_TransmitReceive_DMA
 .text.HAL_SPI_RxCpltCallback
                0x080039a4        0x2 CMakeFiles/quadcopter_dsp.dir/Drivers/STM32F1xx_HAL_Driver/Src/stm32f1xx_hal_spi.c.obj
                0x080039a4                HAL_SPI_RxCpltCallback
 .text.HAL_SPI_RxHalfCpltCallback
                0x080039a6        0x2 CMakeFiles/quadcopter_dsp.dir/Drivers/STM32F1xx_HAL_Driver/Src/stm32f1xx_hal_spi.c.obj
                0x080039a6                HAL_SPI_RxHalfCpltCallback
 .text.SPI_DMAHalfReceiveCplt
                0x080039a8        0xa CMakeFiles/quadcopter_dsp.dir/Drivers/STM32F1xx_HAL_Driver/Src/stm32f1xx_hal_spi.c.obj
 .text.HAL_SPI_TxRxHalfCpltCallback
                0x080039b2        0x2 CMakeFiles/quadcopter_dsp.dir/Drivers/STM32F1xx_HAL_Driver/Src/stm32f1xx_hal_spi.c.obj
                0x080039b2                HAL_SPI_TxRxHalfCpltCallback
 .text.SPI_DMAHalfTransmitReceiveCplt
                0x080039b4        0xa CMakeFiles/quadcopter_dsp.dir/Drivers/STM32F1xx_HAL_Driver/Src/stm32f1xx_hal_spi.c.obj
 .text.HAL_SPI_ErrorCallback
                0x080039be        0x2 CMakeFiles/quadcopter_dsp.dir/Drivers/STM32F1xx_HAL_Driver/Src/stm32f1xx_hal_spi.c.obj
                0x080039be                HAL_SPI_ErrorCallback
 .text.SPI_DMAError
                0x080039c0       0x22 CMakeFiles/quadcopter_dsp.dir/Drivers/STM32F1xx_HAL_Driver/Src/stm32f1xx_hal_spi.c.obj
 .text.SPI_DMAReceiveCplt
                0x080039e2       0x66 CMakeFiles/quadcopter_dsp.dir/Drivers/STM32F1xx_HAL_Driver/Src/stm32f1xx_hal_spi.c.obj
 .text.SPI_DMATransmitReceiveCplt
                0x08003a48       0x5a CMakeFiles/quadcopter_dsp.dir/Drivers/STM32F1xx_HAL_Driver/Src/stm32f1xx_hal_spi.c.obj
 .text.HAL_SPI_GetState
                0x08003aa2        0x6 CMakeFiles/quadcopter_dsp.dir/Drivers/STM32F1xx_HAL_Driver/Src/stm32f1xx_hal_spi.c.obj
                0x08003aa2                HAL_SPI_GetState
 .text.TIM_OC1_SetConfig
                0x08003aa8       0x50 CMakeFiles/quadcopter_dsp.dir/Drivers/STM32F1xx_HAL_Driver/Src/stm32f1xx_hal_tim.c.obj
 .text.TIM_OC3_SetConfig
                0x08003af8       0x54 CMakeFiles/quadcopter_dsp.dir/Drivers/STM32F1xx_HAL_Driver/Src/stm32f1xx_hal_tim.c.obj
 .text.TIM_OC4_SetConfig
                0x08003b4c       0x44 CMakeFiles/quadcopter_dsp.dir/Drivers/STM32F1xx_HAL_Driver/Src/stm32f1xx_hal_tim.c.obj
 .text.HAL_TIM_Base_Start
                0x08003b90       0x44 CMakeFiles/quadcopter_dsp.dir/Drivers/STM32F1xx_HAL_Driver/Src/stm32f1xx_hal_tim.c.obj
                0x08003b90                HAL_TIM_Base_Start
 .text.HAL_TIM_Base_Stop
                0x08003bd4       0x28 CMakeFiles/quadcopter_dsp.dir/Drivers/STM32F1xx_HAL_Driver/Src/stm32f1xx_hal_tim.c.obj
                0x08003bd4                HAL_TIM_Base_Stop
 .text.TIM_Base_SetConfig
                0x08003bfc       0x4c CMakeFiles/quadcopter_dsp.dir/Drivers/STM32F1xx_HAL_Driver/Src/stm32f1xx_hal_tim.c.obj
                0x08003bfc                TIM_Base_SetConfig
 .text.HAL_TIM_Base_Init
                0x08003c48       0x58 CMakeFiles/quadcopter_dsp.dir/Drivers/STM32F1xx_HAL_Driver/Src/stm32f1xx_hal_tim.c.obj
                0x08003c48                HAL_TIM_Base_Init
 .text.HAL_TIM_PWM_Init
                0x08003ca0       0x58 CMakeFiles/quadcopter_dsp.dir/Drivers/STM32F1xx_HAL_Driver/Src/stm32f1xx_hal_tim.c.obj
                0x08003ca0                HAL_TIM_PWM_Init
 .text.TIM_OC2_SetConfig
                0x08003cf8       0x58 CMakeFiles/quadcopter_dsp.dir/Drivers/STM32F1xx_HAL_Driver/Src/stm32f1xx_hal_tim.c.obj
                0x08003cf8                TIM_OC2_SetConfig
 .text.HAL_TIM_PWM_ConfigChannel
                0x08003d50       0xb0 CMakeFiles/quadcopter_dsp.dir/Drivers/STM32F1xx_HAL_Driver/Src/stm32f1xx_hal_tim.c.obj
                0x08003d50                HAL_TIM_PWM_ConfigChannel
 .text.TIM_ETR_SetConfig
                0x08003e00       0x14 CMakeFiles/quadcopter_dsp.dir/Drivers/STM32F1xx_HAL_Driver/Src/stm32f1xx_hal_tim.c.obj
                0x08003e00                TIM_ETR_SetConfig
 .text.HAL_TIM_ConfigClockSource
                0x08003e14      0x132 CMakeFiles/quadcopter_dsp.dir/Drivers/STM32F1xx_HAL_Driver/Src/stm32f1xx_hal_tim.c.obj
                0x08003e14                HAL_TIM_ConfigClockSource
 .text.TIM_CCxChannelCmd
                0x08003f46       0x1c CMakeFiles/quadcopter_dsp.dir/Drivers/STM32F1xx_HAL_Driver/Src/stm32f1xx_hal_tim.c.obj
                0x08003f46                TIM_CCxChannelCmd
 *fill*         0x08003f62        0x2 
 .text.HAL_TIM_OC_Start
                0x08003f64       0x94 CMakeFiles/quadcopter_dsp.dir/Drivers/STM32F1xx_HAL_Driver/Src/stm32f1xx_hal_tim.c.obj
                0x08003f64                HAL_TIM_OC_Start
 .text.HAL_TIM_PWM_Start
                0x08003ff8        0x4 CMakeFiles/quadcopter_dsp.dir/Drivers/STM32F1xx_HAL_Driver/Src/stm32f1xx_hal_tim.c.obj
                0x08003ff8                HAL_TIM_PWM_Start
 .text.HAL_TIM_OC_Stop
                0x08003ffc       0x74 CMakeFiles/quadcopter_dsp.dir/Drivers/STM32F1xx_HAL_Driver/Src/stm32f1xx_hal_tim.c.obj
                0x08003ffc                HAL_TIM_OC_Stop
 .text.HAL_TIM_PWM_Stop
                0x08004070        0x4 CMakeFiles/quadcopter_dsp.dir/Drivers/STM32F1xx_HAL_Driver/Src/stm32f1xx_hal_tim.c.obj
                0x08004070                HAL_TIM_PWM_Stop
 .text.HAL_TIMEx_MasterConfigSynchronization
                0x08004074       0x54 CMakeFiles/quadcopter_dsp.dir/Drivers/STM32F1xx_HAL_Driver/Src/stm32f1xx_hal_tim_ex.c.obj
                0x08004074                HAL_TIMEx_MasterConfigSynchronization
 .text.MX_DMA_Init
                0x080040c8       0x60 CMakeFiles/quadcopter_dsp.dir/Core/Src/dma.c.obj
                0x080040c8                MX_DMA_Init
 .text.Motors_Switch
                0x08004128       0x50 CMakeFiles/quadcopter_dsp.dir/Core/Src/drivers/motors.c.obj
                0x08004128                Motors_Switch
 .text.Motors_SetPWR
                0x08004178       0xe8 CMakeFiles/quadcopter_dsp.dir/Core/Src/drivers/motors.c.obj
                0x08004178                Motors_SetPWR
 .text.MPU_get_default_cfg
                0x08004260       0x20 CMakeFiles/quadcopter_dsp.dir/Core/Src/drivers/mpu6050.c.obj
                0x08004260                MPU_get_default_cfg
 .text.MPU_clear_int
                0x08004280       0x20 CMakeFiles/quadcopter_dsp.dir/Core/Src/drivers/mpu6050.c.obj
                0x08004280                MPU_clear_int
 .text.MPU_read_acc
                0x080042a0       0x5c CMakeFiles/quadcopter_dsp.dir/Core/Src/drivers/mpu6050.c.obj
                0x080042a0                MPU_read_acc
 .text.MPU_measure_acc_offset
                0x080042fc       0x6c CMakeFiles/quadcopter_dsp.dir/Core/Src/drivers/mpu6050.c.obj
                0x080042fc                MPU_measure_acc_offset
 .text.MPU_read_gyro
                0x08004368       0x5c CMakeFiles/quadcopter_dsp.dir/Core/Src/drivers/mpu6050.c.obj
                0x08004368                MPU_read_gyro
 .text.MPU_measure_gyro_offset
                0x080043c4       0x60 CMakeFiles/quadcopter_dsp.dir/Core/Src/drivers/mpu6050.c.obj
                0x080043c4                MPU_measure_gyro_offset
 .text.MPU_set_acc_resolution
                0x08004424       0x50 CMakeFiles/quadcopter_dsp.dir/Core/Src/drivers/mpu6050.c.obj
                0x08004424                MPU_set_acc_resolution
 *fill*         0x08004474        0x4 
 .text.MPU_set_gyro_resolution
                0x08004478       0x5c CMakeFiles/quadcopter_dsp.dir/Core/Src/drivers/mpu6050.c.obj
                0x08004478                MPU_set_gyro_resolution
 .text.MPU_init
                0x080044d4      0x160 CMakeFiles/quadcopter_dsp.dir/Core/Src/drivers/mpu6050.c.obj
                0x080044d4                MPU_init
 .text.MPU_read_acc_DMA_complete
                0x08004634       0x50 CMakeFiles/quadcopter_dsp.dir/Core/Src/drivers/mpu6050.c.obj
                0x08004634                MPU_read_acc_DMA_complete
 .text.MPU_read_gyro_DMA_complete
                0x08004684       0x64 CMakeFiles/quadcopter_dsp.dir/Core/Src/drivers/mpu6050.c.obj
                0x08004684                MPU_read_gyro_DMA_complete
 .text.MPU_read_acc_gyro_DMA
                0x080046e8       0x28 CMakeFiles/quadcopter_dsp.dir/Core/Src/drivers/mpu6050.c.obj
                0x080046e8                MPU_read_acc_gyro_DMA
 .text.MPU_read_acc_gyro_DMA_complete
                0x08004710       0xb0 CMakeFiles/quadcopter_dsp.dir/Core/Src/drivers/mpu6050.c.obj
                0x08004710                MPU_read_acc_gyro_DMA_complete
 .text.NRF24L01_Write_Byte
                0x080047c0       0x52 CMakeFiles/quadcopter_dsp.dir/Core/Src/drivers/nrf24l01.c.obj
                0x080047c0                NRF24L01_Write_Byte
 .text.NRF24L01_Chanel
                0x08004812        0xe CMakeFiles/quadcopter_dsp.dir/Core/Src/drivers/nrf24l01.c.obj
                0x08004812                NRF24L01_Chanel
 .text.NRF24L01_Write
                0x08004820       0x6a CMakeFiles/quadcopter_dsp.dir/Core/Src/drivers/nrf24l01.c.obj
                0x08004820                NRF24L01_Write
 .text.NRF24L01_Flush_Tx
                0x0800488a       0x40 CMakeFiles/quadcopter_dsp.dir/Core/Src/drivers/nrf24l01.c.obj
                0x0800488a                NRF24L01_Flush_Tx
 .text.NRF24L01_Init
                0x080048ca       0xea CMakeFiles/quadcopter_dsp.dir/Core/Src/drivers/nrf24l01.c.obj
                0x080048ca                NRF24L01_Init
 .text.NRF24L01_Flush_Rx
                0x080049b4       0x40 CMakeFiles/quadcopter_dsp.dir/Core/Src/drivers/nrf24l01.c.obj
                0x080049b4                NRF24L01_Flush_Rx
 .text.NRF24L01_Start_Listening
                0x080049f4       0x2e CMakeFiles/quadcopter_dsp.dir/Core/Src/drivers/nrf24l01.c.obj
                0x080049f4                NRF24L01_Start_Listening
 .text.NRF24L01_Stop_Listening
                0x08004a22       0x16 CMakeFiles/quadcopter_dsp.dir/Core/Src/drivers/nrf24l01.c.obj
                0x08004a22                NRF24L01_Stop_Listening
 .text.NRF24L01_Read_PayloadDMA
                0x08004a38       0x2a CMakeFiles/quadcopter_dsp.dir/Core/Src/drivers/nrf24l01.c.obj
                0x08004a38                NRF24L01_Read_PayloadDMA
 .text.NRF24L01_Read_PayloadDMA_Complete
                0x08004a62       0x3a CMakeFiles/quadcopter_dsp.dir/Core/Src/drivers/nrf24l01.c.obj
                0x08004a62                NRF24L01_Read_PayloadDMA_Complete
 .text.NRF24L01_Write_ACKN_Payload
                0x08004a9c       0x68 CMakeFiles/quadcopter_dsp.dir/Core/Src/drivers/nrf24l01.c.obj
                0x08004a9c                NRF24L01_Write_ACKN_Payload
 .text.NRF24L01_Open_Reading_Pipe
                0x08004b04       0x58 CMakeFiles/quadcopter_dsp.dir/Core/Src/drivers/nrf24l01.c.obj
                0x08004b04                NRF24L01_Open_Reading_Pipe
 .text.NRF24L01_Enable_ACKN_Payload
                0x08004b5c       0x1e CMakeFiles/quadcopter_dsp.dir/Core/Src/drivers/nrf24l01.c.obj
                0x08004b5c                NRF24L01_Enable_ACKN_Payload
 .text.Calculate_Angles_acc
                0x08004b7a       0x46 CMakeFiles/quadcopter_dsp.dir/Core/Src/dsp/angle_estimation.c.obj
                0x08004b7a                Calculate_Angles_acc
 .text.Calculate_Angular_Velocities
                0x08004bc0       0xa0 CMakeFiles/quadcopter_dsp.dir/Core/Src/dsp/angle_estimation.c.obj
                0x08004bc0                Calculate_Angular_Velocities
 .text.Kalman_init
                0x08004c60       0x26 CMakeFiles/quadcopter_dsp.dir/Core/Src/dsp/angle_estimation.c.obj
                0x08004c60                Kalman_init
 .text.Kalman_calculate
                0x08004c86       0x6c CMakeFiles/quadcopter_dsp.dir/Core/Src/dsp/angle_estimation.c.obj
                0x08004c86                Kalman_calculate
 *fill*         0x08004cf2        0x2 
 .text.Estimate_Angles_Init
                0x08004cf4       0x44 CMakeFiles/quadcopter_dsp.dir/Core/Src/dsp/angle_estimation.c.obj
                0x08004cf4                Estimate_Angles_Init
 .text.Estimate_Angles
                0x08004d38       0xd0 CMakeFiles/quadcopter_dsp.dir/Core/Src/dsp/angle_estimation.c.obj
                0x08004d38                Estimate_Angles
 .text.Low_Pass_IIR_Filter_Init
                0x08004e08       0x36 CMakeFiles/quadcopter_dsp.dir/Core/Src/dsp/filters.c.obj
                0x08004e08                Low_Pass_IIR_Filter_Init
 .text.Low_Pass_IIR_Filter
                0x08004e3e       0x32 CMakeFiles/quadcopter_dsp.dir/Core/Src/dsp/filters.c.obj
                0x08004e3e                Low_Pass_IIR_Filter
 .text.PID_init
                0x08004e70       0x58 CMakeFiles/quadcopter_dsp.dir/Core/Src/dsp/pid.c.obj
                0x08004e70                PID_init
 .text.PID_Calculate
                0x08004ec8       0xa4 CMakeFiles/quadcopter_dsp.dir/Core/Src/dsp/pid.c.obj
                0x08004ec8                PID_Calculate
 .text.Stabilizer_init
                0x08004f6c       0x9c CMakeFiles/quadcopter_dsp.dir/Core/Src/dsp/stabilizer.c.obj
                0x08004f6c                Stabilizer_init
 .text.Stabilize
                0x08005008       0xac CMakeFiles/quadcopter_dsp.dir/Core/Src/dsp/stabilizer.c.obj
                0x08005008                Stabilize
 .text.MX_GPIO_Init
                0x080050b4       0xfc CMakeFiles/quadcopter_dsp.dir/Core/Src/gpio.c.obj
                0x080050b4                MX_GPIO_Init
 .text.MX_I2C1_Init
                0x080051b0       0x3c CMakeFiles/quadcopter_dsp.dir/Core/Src/i2c.c.obj
                0x080051b0                MX_I2C1_Init
 .text.HAL_I2C_MspInit
                0x080051ec       0xf0 CMakeFiles/quadcopter_dsp.dir/Core/Src/i2c.c.obj
                0x080051ec                HAL_I2C_MspInit
 .text.HAL_SPI_TxRxCpltCallback
                0x080052dc       0x48 CMakeFiles/quadcopter_dsp.dir/Core/Src/main.c.obj
                0x080052dc                HAL_SPI_TxRxCpltCallback
 .text.HAL_I2C_MemRxCpltCallback
                0x08005324       0xbc CMakeFiles/quadcopter_dsp.dir/Core/Src/main.c.obj
                0x08005324                HAL_I2C_MemRxCpltCallback
 .text.HAL_GPIO_EXTI_Callback
                0x080053e0       0x40 CMakeFiles/quadcopter_dsp.dir/Core/Src/main.c.obj
                0x080053e0                HAL_GPIO_EXTI_Callback
 .text.SystemClock_Config
                0x08005420       0x5e CMakeFiles/quadcopter_dsp.dir/Core/Src/main.c.obj
                0x08005420                SystemClock_Config
 *fill*         0x0800547e        0x2 
 .text.startup.main
                0x08005480       0xf0 CMakeFiles/quadcopter_dsp.dir/Core/Src/main.c.obj
                0x08005480                main
 .text.Error_Handler
                0x08005570        0x4 CMakeFiles/quadcopter_dsp.dir/Core/Src/main.c.obj
                0x08005570                Error_Handler
 .text.RC_Receive_Message
                0x08005574       0x94 CMakeFiles/quadcopter_dsp.dir/Core/Src/rc.c.obj
                0x08005574                RC_Receive_Message
 .text.RC_Connection_Tick
                0x08005608        0xc CMakeFiles/quadcopter_dsp.dir/Core/Src/rc.c.obj
                0x08005608                RC_Connection_Tick
 .text.RC_Check_Connection
                0x08005614       0x28 CMakeFiles/quadcopter_dsp.dir/Core/Src/rc.c.obj
                0x08005614                RC_Check_Connection
 .text.Lower_Altitude
                0x0800563c       0x26 CMakeFiles/quadcopter_dsp.dir/Core/Src/rc.c.obj
                0x0800563c                Lower_Altitude
 *fill*         0x08005662        0x2 
 .text.MX_SPI1_Init
                0x08005664       0x44 CMakeFiles/quadcopter_dsp.dir/Core/Src/spi.c.obj
                0x08005664                MX_SPI1_Init
 .text.HAL_SPI_MspInit
                0x080056a8       0xdc CMakeFiles/quadcopter_dsp.dir/Core/Src/spi.c.obj
                0x080056a8                HAL_SPI_MspInit
 .text.HAL_MspInit
                0x08005784       0x44 CMakeFiles/quadcopter_dsp.dir/Core/Src/stm32f1xx_hal_msp.c.obj
                0x08005784                HAL_MspInit
 .text.NMI_Handler
                0x080057c8        0x2 CMakeFiles/quadcopter_dsp.dir/Core/Src/stm32f1xx_it.c.obj
                0x080057c8                NMI_Handler
 .text.HardFault_Handler
                0x080057ca        0x2 CMakeFiles/quadcopter_dsp.dir/Core/Src/stm32f1xx_it.c.obj
                0x080057ca                HardFault_Handler
 .text.MemManage_Handler
                0x080057cc        0x2 CMakeFiles/quadcopter_dsp.dir/Core/Src/stm32f1xx_it.c.obj
                0x080057cc                MemManage_Handler
 .text.BusFault_Handler
                0x080057ce        0x2 CMakeFiles/quadcopter_dsp.dir/Core/Src/stm32f1xx_it.c.obj
                0x080057ce                BusFault_Handler
 .text.UsageFault_Handler
                0x080057d0        0x2 CMakeFiles/quadcopter_dsp.dir/Core/Src/stm32f1xx_it.c.obj
                0x080057d0                UsageFault_Handler
 .text.SVC_Handler
                0x080057d2        0x2 CMakeFiles/quadcopter_dsp.dir/Core/Src/stm32f1xx_it.c.obj
                0x080057d2                SVC_Handler
 .text.DebugMon_Handler
                0x080057d4        0x2 CMakeFiles/quadcopter_dsp.dir/Core/Src/stm32f1xx_it.c.obj
                0x080057d4                DebugMon_Handler
 .text.PendSV_Handler
                0x080057d6        0x2 CMakeFiles/quadcopter_dsp.dir/Core/Src/stm32f1xx_it.c.obj
                0x080057d6                PendSV_Handler
 .text.SysTick_Handler
                0x080057d8        0x4 CMakeFiles/quadcopter_dsp.dir/Core/Src/stm32f1xx_it.c.obj
                0x080057d8                SysTick_Handler
 .text.EXTI4_IRQHandler
                0x080057dc        0x6 CMakeFiles/quadcopter_dsp.dir/Core/Src/stm32f1xx_it.c.obj
                0x080057dc                EXTI4_IRQHandler
 *fill*         0x080057e2        0x2 
 .text.DMA1_Channel2_IRQHandler
                0x080057e4        0xc CMakeFiles/quadcopter_dsp.dir/Core/Src/stm32f1xx_it.c.obj
                0x080057e4                DMA1_Channel2_IRQHandler
 .text.DMA1_Channel3_IRQHandler
                0x080057f0        0xc CMakeFiles/quadcopter_dsp.dir/Core/Src/stm32f1xx_it.c.obj
                0x080057f0                DMA1_Channel3_IRQHandler
 .text.DMA1_Channel6_IRQHandler
                0x080057fc        0xc CMakeFiles/quadcopter_dsp.dir/Core/Src/stm32f1xx_it.c.obj
                0x080057fc                DMA1_Channel6_IRQHandler
 .text.DMA1_Channel7_IRQHandler
                0x08005808        0xc CMakeFiles/quadcopter_dsp.dir/Core/Src/stm32f1xx_it.c.obj
                0x08005808                DMA1_Channel7_IRQHandler
 .text.EXTI9_5_IRQHandler
                0x08005814        0x6 CMakeFiles/quadcopter_dsp.dir/Core/Src/stm32f1xx_it.c.obj
                0x08005814                EXTI9_5_IRQHandler
 *fill*         0x0800581a        0x2 
 .text.I2C1_EV_IRQHandler
                0x0800581c        0xc CMakeFiles/quadcopter_dsp.dir/Core/Src/stm32f1xx_it.c.obj
                0x0800581c                I2C1_EV_IRQHandler
 .text.SystemInit
                0x08005828        0x2 CMakeFiles/quadcopter_dsp.dir/Core/Src/system_stm32f1xx.c.obj
                0x08005828                SystemInit
 *fill*         0x0800582a        0x2 
 .text.MX_TIM1_Init
                0x0800582c       0x6c CMakeFiles/quadcopter_dsp.dir/Core/Src/tim.c.obj
                0x0800582c                MX_TIM1_Init
 .text.HAL_TIM_Base_MspInit
                0x08005898       0x28 CMakeFiles/quadcopter_dsp.dir/Core/Src/tim.c.obj
                0x08005898                HAL_TIM_Base_MspInit
 .text.HAL_TIM_PWM_MspInit
                0x080058c0       0x24 CMakeFiles/quadcopter_dsp.dir/Core/Src/tim.c.obj
                0x080058c0                HAL_TIM_PWM_MspInit
 .text.HAL_TIM_MspPostInit
                0x080058e4       0x84 CMakeFiles/quadcopter_dsp.dir/Core/Src/tim.c.obj
                0x080058e4                HAL_TIM_MspPostInit
 .text.MX_TIM2_Init
                0x08005968       0xa4 CMakeFiles/quadcopter_dsp.dir/Core/Src/tim.c.obj
                0x08005968                MX_TIM2_Init
 .text.TIM1_Delay_Microseconds
                0x08005a0c       0x28 CMakeFiles/quadcopter_dsp.dir/Core/Src/tim.c.obj
                0x08005a0c                TIM1_Delay_Microseconds
 .text.Reset_Handler
                0x08005a34       0x48 CMakeFiles/quadcopter_dsp.dir/startup_stm32f103x6.s.obj
                0x08005a34                Reset_Handler
 .text.Default_Handler
                0x08005a7c        0x2 CMakeFiles/quadcopter_dsp.dir/startup_stm32f103x6.s.obj
                0x08005a7c                RTC_Alarm_IRQHandler
                0x08005a7c                EXTI2_IRQHandler
                0x08005a7c                TIM1_CC_IRQHandler
                0x08005a7c                PVD_IRQHandler
                0x08005a7c                EXTI3_IRQHandler
                0x08005a7c                EXTI0_IRQHandler
                0x08005a7c                ADC1_2_IRQHandler
                0x08005a7c                SPI1_IRQHandler
                0x08005a7c                TAMPER_IRQHandler
                0x08005a7c                DMA1_Channel4_IRQHandler
                0x08005a7c                RTC_IRQHandler
                0x08005a7c                CAN1_RX1_IRQHandler
                0x08005a7c                TIM3_IRQHandler
                0x08005a7c                RCC_IRQHandler
                0x08005a7c                TIM1_TRG_COM_IRQHandler
                0x08005a7c                DMA1_Channel1_IRQHandler
                0x08005a7c                Default_Handler
                0x08005a7c                EXTI15_10_IRQHandler
                0x08005a7c                DMA1_Channel5_IRQHandler
                0x08005a7c                USB_LP_CAN1_RX0_IRQHandler
                0x08005a7c                USB_HP_CAN1_TX_IRQHandler
                0x08005a7c                TIM1_UP_IRQHandler
                0x08005a7c                WWDG_IRQHandler
                0x08005a7c                TIM2_IRQHandler
                0x08005a7c                TIM1_BRK_IRQHandler
                0x08005a7c                EXTI1_IRQHandler
                0x08005a7c                USART2_IRQHandler
                0x08005a7c                CAN1_SCE_IRQHandler
                0x08005a7c                FLASH_IRQHandler
                0x08005a7c                USART1_IRQHandler
                0x08005a7c                I2C1_ER_IRQHandler
                0x08005a7c                USBWakeUp_IRQHandler
 .text.memset   0x08005a7e       0x10 /usr/lib/gcc/arm-none-eabi/13.1.0/../../../../arm-none-eabi/lib/thumb/v7-m/nofp/libc_nano.a(libc_a-memset.o)
                0x08005a7e                memset
 *fill*         0x08005a8e        0x2 
 .text.__libc_init_array
                0x08005a90       0x48 /usr/lib/gcc/arm-none-eabi/13.1.0/../../../../arm-none-eabi/lib/thumb/v7-m/nofp/libc_nano.a(libc_a-init.o)
                0x08005a90                __libc_init_array
 .text.sqrt     0x08005ad8       0x50 /usr/lib/gcc/arm-none-eabi/13.1.0/../../../../arm-none-eabi/lib/thumb/v7-m/nofp/libm.a(libm_a-w_sqrt.o)
                0x08005ad8                sqrt
 .text.sqrtf    0x08005b28       0x3c /usr/lib/gcc/arm-none-eabi/13.1.0/../../../../arm-none-eabi/lib/thumb/v7-m/nofp/libm.a(libm_a-wf_sqrt.o)
                0x08005b28                sqrtf
 .text.atanf    0x08005b64      0x22c /usr/lib/gcc/arm-none-eabi/13.1.0/../../../../arm-none-eabi/lib/thumb/v7-m/nofp/libm.a(libm_a-sf_atan.o)
                0x08005b64                atanf
 .text.cosf     0x08005d90       0x70 /usr/lib/gcc/arm-none-eabi/13.1.0/../../../../arm-none-eabi/lib/thumb/v7-m/nofp/libm.a(libm_a-sf_cos.o)
                0x08005d90                cosf
 .text.fabsf    0x08005e00        0x8 /usr/lib/gcc/arm-none-eabi/13.1.0/../../../../arm-none-eabi/lib/thumb/v7-m/nofp/libm.a(libm_a-sf_fabs.o)
                0x08005e00                fabsf
 .text.sinf     0x08005e08       0x74 /usr/lib/gcc/arm-none-eabi/13.1.0/../../../../arm-none-eabi/lib/thumb/v7-m/nofp/libm.a(libm_a-sf_sin.o)
                0x08005e08                sinf
 .text.tanf     0x08005e7c       0x4c /usr/lib/gcc/arm-none-eabi/13.1.0/../../../../arm-none-eabi/lib/thumb/v7-m/nofp/libm.a(libm_a-sf_tan.o)
                0x08005e7c                tanf
 .text.__ieee754_sqrt
                0x08005ec8      0x1dc /usr/lib/gcc/arm-none-eabi/13.1.0/../../../../arm-none-eabi/lib/thumb/v7-m/nofp/libm.a(libm_a-e_sqrt.o)
                0x08005ec8                __ieee754_sqrt
 .text.__ieee754_sqrtf
                0x080060a4       0xe4 /usr/lib/gcc/arm-none-eabi/13.1.0/../../../../arm-none-eabi/lib/thumb/v7-m/nofp/libm.a(libm_a-ef_sqrt.o)
                0x080060a4                __ieee754_sqrtf
 .text.__kernel_cosf
                0x08006188      0x190 /usr/lib/gcc/arm-none-eabi/13.1.0/../../../../arm-none-eabi/lib/thumb/v7-m/nofp/libm.a(libm_a-kf_cos.o)
                0x08006188                __kernel_cosf
 .text.__kernel_sinf
                0x08006318       0xec /usr/lib/gcc/arm-none-eabi/13.1.0/../../../../arm-none-eabi/lib/thumb/v7-m/nofp/libm.a(libm_a-kf_sin.o)
                0x08006318                __kernel_sinf
 .text.__kernel_tanf
                0x08006404      0x278 /usr/lib/gcc/arm-none-eabi/13.1.0/../../../../arm-none-eabi/lib/thumb/v7-m/nofp/libm.a(libm_a-kf_tan.o)
                0x08006404                __kernel_tanf
 .text.__ieee754_rem_pio2f
                0x0800667c      0x2d4 /usr/lib/gcc/arm-none-eabi/13.1.0/../../../../arm-none-eabi/lib/thumb/v7-m/nofp/libm.a(libm_a-ef_rem_pio2.o)
                0x0800667c                __ieee754_rem_pio2f
 .text.__kernel_rem_pio2f
                0x08006950      0x73c /usr/lib/gcc/arm-none-eabi/13.1.0/../../../../arm-none-eabi/lib/thumb/v7-m/nofp/libm.a(libm_a-kf_rem_pio2.o)
                0x08006950                __kernel_rem_pio2f
 .text.scalbnf  0x0800708c       0xb0 /usr/lib/gcc/arm-none-eabi/13.1.0/../../../../arm-none-eabi/lib/thumb/v7-m/nofp/libm.a(libm_a-sf_scalbn.o)
                0x0800708c                scalbnf
 .text.floorf   0x0800713c       0x88 /usr/lib/gcc/arm-none-eabi/13.1.0/../../../../arm-none-eabi/lib/thumb/v7-m/nofp/libm.a(libm_a-sf_floor.o)
                0x0800713c                floorf
 *(.glue_7)
 .glue_7        0x080071c4        0x0 linker stubs
 *(.glue_7t)
 .glue_7t       0x080071c4        0x0 linker stubs
 *(.eh_frame)
 .eh_frame      0x080071c4        0x0 /usr/lib/gcc/arm-none-eabi/13.1.0/thumb/v7-m/nofp/crtbegin.o
 *(.init)
 .init          0x080071c4        0x4 /usr/lib/gcc/arm-none-eabi/13.1.0/thumb/v7-m/nofp/crti.o
                0x080071c4                _init
 .init          0x080071c8        0x8 /usr/lib/gcc/arm-none-eabi/13.1.0/thumb/v7-m/nofp/crtn.o
 *(.fini)
 .fini          0x080071d0        0x4 /usr/lib/gcc/arm-none-eabi/13.1.0/thumb/v7-m/nofp/crti.o
                0x080071d0                _fini
 .fini          0x080071d4        0x8 /usr/lib/gcc/arm-none-eabi/13.1.0/thumb/v7-m/nofp/crtn.o
                0x080071dc                        . = ALIGN (0x4)
                0x080071dc                        _etext = .

.vfp11_veneer   0x080071dc        0x0
 .vfp11_veneer  0x080071dc        0x0 linker stubs

.v4_bx          0x080071dc        0x0
 .v4_bx         0x080071dc        0x0 linker stubs

.iplt           0x080071dc        0x0
 .iplt          0x080071dc        0x0 /usr/lib/gcc/arm-none-eabi/13.1.0/thumb/v7-m/nofp/crtbegin.o

.rodata         0x080071e0      0x438
                0x080071e0                        . = ALIGN (0x4)
 *(.rodata)
 *(.rodata*)
 .rodata.aPredivFactorTable.0
                0x080071e0        0x2 CMakeFiles/quadcopter_dsp.dir/Drivers/STM32F1xx_HAL_Driver/Src/stm32f1xx_hal_rcc.c.obj
 .rodata.aPLLMULFactorTable.1
                0x080071e2       0x10 CMakeFiles/quadcopter_dsp.dir/Drivers/STM32F1xx_HAL_Driver/Src/stm32f1xx_hal_rcc.c.obj
 .rodata.APBPrescTable
                0x080071f2        0x8 CMakeFiles/quadcopter_dsp.dir/Core/Src/system_stm32f1xx.c.obj
                0x080071f2                APBPrescTable
 .rodata.AHBPrescTable
                0x080071fa       0x10 CMakeFiles/quadcopter_dsp.dir/Core/Src/system_stm32f1xx.c.obj
                0x080071fa                AHBPrescTable
 *fill*         0x0800720a        0x2 
 .rodata.atanlo
                0x0800720c       0x10 /usr/lib/gcc/arm-none-eabi/13.1.0/../../../../arm-none-eabi/lib/thumb/v7-m/nofp/libm.a(libm_a-sf_atan.o)
 .rodata.atanhi
                0x0800721c       0x10 /usr/lib/gcc/arm-none-eabi/13.1.0/../../../../arm-none-eabi/lib/thumb/v7-m/nofp/libm.a(libm_a-sf_atan.o)
 *fill*         0x0800722c        0x4 
 .rodata.tiny   0x08007230        0x8 /usr/lib/gcc/arm-none-eabi/13.1.0/../../../../arm-none-eabi/lib/thumb/v7-m/nofp/libm.a(libm_a-e_sqrt.o)
 .rodata.one    0x08007238        0x8 /usr/lib/gcc/arm-none-eabi/13.1.0/../../../../arm-none-eabi/lib/thumb/v7-m/nofp/libm.a(libm_a-e_sqrt.o)
 .rodata.tiny   0x08007240        0x4 /usr/lib/gcc/arm-none-eabi/13.1.0/../../../../arm-none-eabi/lib/thumb/v7-m/nofp/libm.a(libm_a-ef_sqrt.o)
 .rodata.one    0x08007244        0x4 /usr/lib/gcc/arm-none-eabi/13.1.0/../../../../arm-none-eabi/lib/thumb/v7-m/nofp/libm.a(libm_a-ef_sqrt.o)
 .rodata.npio2_hw
                0x08007248       0x80 /usr/lib/gcc/arm-none-eabi/13.1.0/../../../../arm-none-eabi/lib/thumb/v7-m/nofp/libm.a(libm_a-ef_rem_pio2.o)
 .rodata.two_over_pi
                0x080072c8      0x318 /usr/lib/gcc/arm-none-eabi/13.1.0/../../../../arm-none-eabi/lib/thumb/v7-m/nofp/libm.a(libm_a-ef_rem_pio2.o)
 .rodata.PIo2   0x080075e0       0x2c /usr/lib/gcc/arm-none-eabi/13.1.0/../../../../arm-none-eabi/lib/thumb/v7-m/nofp/libm.a(libm_a-kf_rem_pio2.o)
 .rodata.init_jk
                0x0800760c        0xc /usr/lib/gcc/arm-none-eabi/13.1.0/../../../../arm-none-eabi/lib/thumb/v7-m/nofp/libm.a(libm_a-kf_rem_pio2.o)
                0x08007618                        . = ALIGN (0x4)

.rel.dyn        0x08007618        0x0
 .rel.iplt      0x08007618        0x0 /usr/lib/gcc/arm-none-eabi/13.1.0/thumb/v7-m/nofp/crtbegin.o

.ARM.extab
 *(.ARM.extab* .gnu.linkonce.armextab.*)

.ARM            0x08007618        0x0
                0x08007618                        __exidx_start = .
 *(.ARM.exidx*)
                0x08007618                        __exidx_end = .

.preinit_array  0x08007618        0x0
                0x08007618                        PROVIDE (__preinit_array_start = .)
 *(.preinit_array*)
                0x08007618                        PROVIDE (__preinit_array_end = .)

.init_array     0x08007618        0x4
                0x08007618                        PROVIDE (__init_array_start = .)
 *(SORT_BY_NAME(.init_array.*))
 *(.init_array*)
 .init_array    0x08007618        0x4 /usr/lib/gcc/arm-none-eabi/13.1.0/thumb/v7-m/nofp/crtbegin.o
                0x0800761c                        PROVIDE (__init_array_end = .)

.fini_array     0x0800761c        0x4
                0x0800761c                        PROVIDE (__fini_array_start = .)
 *(SORT_BY_NAME(.fini_array.*))
 *(.fini_array*)
 .fini_array    0x0800761c        0x4 /usr/lib/gcc/arm-none-eabi/13.1.0/thumb/v7-m/nofp/crtbegin.o
                0x08007620                        PROVIDE (__fini_array_end = .)
                0x08007620                        _sidata = LOADADDR (.data)

.data           0x20000000       0x34 load address 0x08007620
                0x20000000                        . = ALIGN (0x4)
                0x20000000                        _sdata = .
 *(.data)
 *(.data*)
 .data.uwTickFreq
                0x20000000        0x1 CMakeFiles/quadcopter_dsp.dir/Drivers/STM32F1xx_HAL_Driver/Src/stm32f1xx_hal.c.obj
                0x20000000                uwTickFreq
 *fill*         0x20000001        0x3 
 .data.uwTickPrio
                0x20000004        0x4 CMakeFiles/quadcopter_dsp.dir/Drivers/STM32F1xx_HAL_Driver/Src/stm32f1xx_hal.c.obj
                0x20000004                uwTickPrio
 .data.default_cfg
                0x20000008       0x1a CMakeFiles/quadcopter_dsp.dir/Core/Src/drivers/mpu6050.c.obj
                0x20000008                default_cfg
 .data.nrf24l01_default_config
                0x20000022        0xd CMakeFiles/quadcopter_dsp.dir/Core/Src/drivers/nrf24l01.c.obj
                0x20000022                nrf24l01_default_config
 *fill*         0x2000002f        0x1 
 .data.SystemCoreClock
                0x20000030        0x4 CMakeFiles/quadcopter_dsp.dir/Core/Src/system_stm32f1xx.c.obj
                0x20000030                SystemCoreClock
                0x20000034                        . = ALIGN (0x4)
                0x20000034                        _edata = .

.tm_clone_table
                0x20000034        0x0 load address 0x08007654
 .tm_clone_table
                0x20000034        0x0 /usr/lib/gcc/arm-none-eabi/13.1.0/thumb/v7-m/nofp/crtbegin.o
 .tm_clone_table
                0x20000034        0x0 /usr/lib/gcc/arm-none-eabi/13.1.0/thumb/v7-m/nofp/crtend.o

.igot.plt       0x20000034        0x0 load address 0x08007654
 .igot.plt      0x20000034        0x0 /usr/lib/gcc/arm-none-eabi/13.1.0/thumb/v7-m/nofp/crtbegin.o
                0x20000034                        . = ALIGN (0x4)

.bss            0x20000034      0x47c load address 0x08007654
                0x20000034                        _sbss = .
                0x20000034                        __bss_start__ = _sbss
 *(.bss)
 .bss           0x20000034       0x1c /usr/lib/gcc/arm-none-eabi/13.1.0/thumb/v7-m/nofp/crtbegin.o
 *(.bss*)
 .bss.uwTick    0x20000050        0x4 CMakeFiles/quadcopter_dsp.dir/Drivers/STM32F1xx_HAL_Driver/Src/stm32f1xx_hal.c.obj
                0x20000050                uwTick
 .bss.mpu_acc_offset
                0x20000054        0xc CMakeFiles/quadcopter_dsp.dir/Core/Src/drivers/mpu6050.c.obj
 .bss.mpu_gyro_offset
                0x20000060        0xc CMakeFiles/quadcopter_dsp.dir/Core/Src/drivers/mpu6050.c.obj
 .bss.mpu_gyro_buffer
                0x2000006c        0x4 CMakeFiles/quadcopter_dsp.dir/Core/Src/drivers/mpu6050.c.obj
 .bss.mpu_acc_buffer
                0x20000070        0x4 CMakeFiles/quadcopter_dsp.dir/Core/Src/drivers/mpu6050.c.obj
 .bss.mpu_acc_gyro_buf_raw
                0x20000074        0xe CMakeFiles/quadcopter_dsp.dir/Core/Src/drivers/mpu6050.c.obj
 .bss.mpu_gyro_buf_raw
                0x20000082        0x6 CMakeFiles/quadcopter_dsp.dir/Core/Src/drivers/mpu6050.c.obj
 .bss.mpu_acc_buf_raw
                0x20000088        0x6 CMakeFiles/quadcopter_dsp.dir/Core/Src/drivers/mpu6050.c.obj
 *fill*         0x2000008e        0x2 
 .bss.GYRO_SCALE_FACTOR
                0x20000090        0x4 CMakeFiles/quadcopter_dsp.dir/Core/Src/drivers/mpu6050.c.obj
 .bss.ACC_SCALE_FACTOR
                0x20000094        0x4 CMakeFiles/quadcopter_dsp.dir/Core/Src/drivers/mpu6050.c.obj
 .bss.filter_acc_z_out
                0x20000098        0x8 CMakeFiles/quadcopter_dsp.dir/Core/Src/dsp/angle_estimation.c.obj
 .bss.filter_acc_z_in
                0x200000a0        0x8 CMakeFiles/quadcopter_dsp.dir/Core/Src/dsp/angle_estimation.c.obj
 .bss.filter_acc_y_out
                0x200000a8        0x8 CMakeFiles/quadcopter_dsp.dir/Core/Src/dsp/angle_estimation.c.obj
 .bss.filter_acc_y_in
                0x200000b0        0x8 CMakeFiles/quadcopter_dsp.dir/Core/Src/dsp/angle_estimation.c.obj
 .bss.filter_acc_x_out
                0x200000b8        0x8 CMakeFiles/quadcopter_dsp.dir/Core/Src/dsp/angle_estimation.c.obj
 .bss.filter_acc_x_in
                0x200000c0        0x8 CMakeFiles/quadcopter_dsp.dir/Core/Src/dsp/angle_estimation.c.obj
 .bss.iir       0x200000c8       0x10 CMakeFiles/quadcopter_dsp.dir/Core/Src/dsp/angle_estimation.c.obj
 .bss.kalman_roll
                0x200000d8       0x1c CMakeFiles/quadcopter_dsp.dir/Core/Src/dsp/angle_estimation.c.obj
 .bss.kalman_pitch
                0x200000f4       0x1c CMakeFiles/quadcopter_dsp.dir/Core/Src/dsp/angle_estimation.c.obj
 .bss.yaw_pid   0x20000110       0x38 CMakeFiles/quadcopter_dsp.dir/Core/Src/dsp/stabilizer.c.obj
 .bss.pitch_pid
                0x20000148       0x38 CMakeFiles/quadcopter_dsp.dir/Core/Src/dsp/stabilizer.c.obj
 .bss.roll_pid  0x20000180       0x38 CMakeFiles/quadcopter_dsp.dir/Core/Src/dsp/stabilizer.c.obj
 .bss.hdma_i2c1_tx
                0x200001b8       0x44 CMakeFiles/quadcopter_dsp.dir/Core/Src/i2c.c.obj
                0x200001b8                hdma_i2c1_tx
 .bss.hdma_i2c1_rx
                0x200001fc       0x44 CMakeFiles/quadcopter_dsp.dir/Core/Src/i2c.c.obj
                0x200001fc                hdma_i2c1_rx
 .bss.hi2c1     0x20000240       0x54 CMakeFiles/quadcopter_dsp.dir/Core/Src/i2c.c.obj
                0x20000240                hi2c1
 .bss.angles    0x20000294        0x8 CMakeFiles/quadcopter_dsp.dir/Core/Src/main.c.obj
                0x20000294                angles
 .bss.gyro_buff
                0x2000029c        0xc CMakeFiles/quadcopter_dsp.dir/Core/Src/main.c.obj
                0x2000029c                gyro_buff
 .bss.acc_buff  0x200002a8        0xc CMakeFiles/quadcopter_dsp.dir/Core/Src/main.c.obj
                0x200002a8                acc_buff
 .bss.telemetry
                0x200002b4       0x18 CMakeFiles/quadcopter_dsp.dir/Core/Src/main.c.obj
                0x200002b4                telemetry
 .bss.rc        0x200002cc        0x5 CMakeFiles/quadcopter_dsp.dir/Core/Src/main.c.obj
                0x200002cc                rc
 .bss.message   0x200002d1        0x8 CMakeFiles/quadcopter_dsp.dir/Core/Src/main.c.obj
                0x200002d1                message
 *fill*         0x200002d9        0x3 
 .bss.mpu       0x200002dc       0x10 CMakeFiles/quadcopter_dsp.dir/Core/Src/main.c.obj
                0x200002dc                mpu
 .bss.nrf24l01  0x200002ec       0x50 CMakeFiles/quadcopter_dsp.dir/Core/Src/main.c.obj
                0x200002ec                nrf24l01
 .bss.time_out_cnt
                0x2000033c        0x2 CMakeFiles/quadcopter_dsp.dir/Core/Src/rc.c.obj
                0x2000033c                time_out_cnt
 *fill*         0x2000033e        0x2 
 .bss.hdma_spi1_tx
                0x20000340       0x44 CMakeFiles/quadcopter_dsp.dir/Core/Src/spi.c.obj
                0x20000340                hdma_spi1_tx
 .bss.hdma_spi1_rx
                0x20000384       0x44 CMakeFiles/quadcopter_dsp.dir/Core/Src/spi.c.obj
                0x20000384                hdma_spi1_rx
 .bss.hspi1     0x200003c8       0x58 CMakeFiles/quadcopter_dsp.dir/Core/Src/spi.c.obj
                0x200003c8                hspi1
 .bss.htim2     0x20000420       0x48 CMakeFiles/quadcopter_dsp.dir/Core/Src/tim.c.obj
                0x20000420                htim2
 .bss.htim1     0x20000468       0x48 CMakeFiles/quadcopter_dsp.dir/Core/Src/tim.c.obj
                0x20000468                htim1
 *(COMMON)
                0x200004b0                        . = ALIGN (0x4)
                0x200004b0                        _ebss = .
                0x200004b0                        __bss_end__ = _ebss

._user_heap_stack
                0x200004b0      0x600 load address 0x08007654
                0x200004b0                        . = ALIGN (0x8)
                [!provide]                        PROVIDE (end = .)
                [!provide]                        PROVIDE (_end = .)
                0x200006b0                        . = (. + _Min_Heap_Size)
 *fill*         0x200004b0      0x200 
                0x20000ab0                        . = (. + _Min_Stack_Size)
 *fill*         0x200006b0      0x400 
                0x20000ab0                        . = ALIGN (0x8)

/DISCARD/
 libc.a(*)
 libm.a(*)
 libgcc.a(*)

.ARM.attributes
                0x00000000       0x29
 *(.ARM.attributes)
 .ARM.attributes
                0x00000000       0x1d /usr/lib/gcc/arm-none-eabi/13.1.0/thumb/v7-m/nofp/crti.o
 .ARM.attributes
                0x0000001d       0x2d /usr/lib/gcc/arm-none-eabi/13.1.0/thumb/v7-m/nofp/crtbegin.o
 .ARM.attributes
                0x0000004a       0x2d CMakeFiles/quadcopter_dsp.dir/Drivers/STM32F1xx_HAL_Driver/Src/stm32f1xx_hal.c.obj
 .ARM.attributes
                0x00000077       0x2d CMakeFiles/quadcopter_dsp.dir/Drivers/STM32F1xx_HAL_Driver/Src/stm32f1xx_hal_cortex.c.obj
 .ARM.attributes
                0x000000a4       0x2d CMakeFiles/quadcopter_dsp.dir/Drivers/STM32F1xx_HAL_Driver/Src/stm32f1xx_hal_dma.c.obj
 .ARM.attributes
                0x000000d1       0x2d CMakeFiles/quadcopter_dsp.dir/Drivers/STM32F1xx_HAL_Driver/Src/stm32f1xx_hal_gpio.c.obj
 .ARM.attributes
                0x000000fe       0x2d CMakeFiles/quadcopter_dsp.dir/Drivers/STM32F1xx_HAL_Driver/Src/stm32f1xx_hal_i2c.c.obj
 .ARM.attributes
                0x0000012b       0x2d CMakeFiles/quadcopter_dsp.dir/Drivers/STM32F1xx_HAL_Driver/Src/stm32f1xx_hal_rcc.c.obj
 .ARM.attributes
                0x00000158       0x2d CMakeFiles/quadcopter_dsp.dir/Drivers/STM32F1xx_HAL_Driver/Src/stm32f1xx_hal_spi.c.obj
 .ARM.attributes
                0x00000185       0x2d CMakeFiles/quadcopter_dsp.dir/Drivers/STM32F1xx_HAL_Driver/Src/stm32f1xx_hal_tim.c.obj
 .ARM.attributes
                0x000001b2       0x2d CMakeFiles/quadcopter_dsp.dir/Drivers/STM32F1xx_HAL_Driver/Src/stm32f1xx_hal_tim_ex.c.obj
 .ARM.attributes
                0x000001df       0x2d CMakeFiles/quadcopter_dsp.dir/Core/Src/dma.c.obj
 .ARM.attributes
                0x0000020c       0x2d CMakeFiles/quadcopter_dsp.dir/Core/Src/drivers/motors.c.obj
 .ARM.attributes
                0x00000239       0x2d CMakeFiles/quadcopter_dsp.dir/Core/Src/drivers/mpu6050.c.obj
 .ARM.attributes
                0x00000266       0x2d CMakeFiles/quadcopter_dsp.dir/Core/Src/drivers/nrf24l01.c.obj
 .ARM.attributes
                0x00000293       0x2d CMakeFiles/quadcopter_dsp.dir/Core/Src/dsp/angle_estimation.c.obj
 .ARM.attributes
                0x000002c0       0x2d CMakeFiles/quadcopter_dsp.dir/Core/Src/dsp/filters.c.obj
 .ARM.attributes
                0x000002ed       0x2d CMakeFiles/quadcopter_dsp.dir/Core/Src/dsp/pid.c.obj
 .ARM.attributes
                0x0000031a       0x2d CMakeFiles/quadcopter_dsp.dir/Core/Src/dsp/stabilizer.c.obj
 .ARM.attributes
                0x00000347       0x2d CMakeFiles/quadcopter_dsp.dir/Core/Src/gpio.c.obj
 .ARM.attributes
                0x00000374       0x2d CMakeFiles/quadcopter_dsp.dir/Core/Src/i2c.c.obj
 .ARM.attributes
                0x000003a1       0x2d CMakeFiles/quadcopter_dsp.dir/Core/Src/main.c.obj
 .ARM.attributes
                0x000003ce       0x2d CMakeFiles/quadcopter_dsp.dir/Core/Src/rc.c.obj
 .ARM.attributes
                0x000003fb       0x2d CMakeFiles/quadcopter_dsp.dir/Core/Src/spi.c.obj
 .ARM.attributes
                0x00000428       0x2d CMakeFiles/quadcopter_dsp.dir/Core/Src/stm32f1xx_hal_msp.c.obj
 .ARM.attributes
                0x00000455       0x2d CMakeFiles/quadcopter_dsp.dir/Core/Src/stm32f1xx_it.c.obj
 .ARM.attributes
                0x00000482       0x2d CMakeFiles/quadcopter_dsp.dir/Core/Src/system_stm32f1xx.c.obj
 .ARM.attributes
                0x000004af       0x2d CMakeFiles/quadcopter_dsp.dir/Core/Src/tim.c.obj
 .ARM.attributes
                0x000004dc       0x21 CMakeFiles/quadcopter_dsp.dir/startup_stm32f103x6.s.obj
 .ARM.attributes
                0x000004fd       0x1d /usr/lib/gcc/arm-none-eabi/13.1.0/thumb/v7-m/nofp/libgcc.a(_arm_addsubdf3.o)
 .ARM.attributes
                0x0000051a       0x1d /usr/lib/gcc/arm-none-eabi/13.1.0/thumb/v7-m/nofp/libgcc.a(_arm_muldivdf3.o)
 .ARM.attributes
                0x00000537       0x1d /usr/lib/gcc/arm-none-eabi/13.1.0/thumb/v7-m/nofp/libgcc.a(_arm_fixunsdfsi.o)
 .ARM.attributes
                0x00000554       0x1d /usr/lib/gcc/arm-none-eabi/13.1.0/thumb/v7-m/nofp/libgcc.a(_arm_truncdfsf2.o)
 .ARM.attributes
                0x00000571       0x1d /usr/lib/gcc/arm-none-eabi/13.1.0/thumb/v7-m/nofp/libgcc.a(_arm_addsubsf3.o)
 .ARM.attributes
                0x0000058e       0x1d /usr/lib/gcc/arm-none-eabi/13.1.0/thumb/v7-m/nofp/libgcc.a(_arm_muldivsf3.o)
 .ARM.attributes
                0x000005ab       0x1d /usr/lib/gcc/arm-none-eabi/13.1.0/thumb/v7-m/nofp/libgcc.a(_arm_cmpsf2.o)
 .ARM.attributes
                0x000005c8       0x1d /usr/lib/gcc/arm-none-eabi/13.1.0/thumb/v7-m/nofp/libgcc.a(_arm_fixsfsi.o)
 .ARM.attributes
                0x000005e5       0x2d /usr/lib/gcc/arm-none-eabi/13.1.0/../../../../arm-none-eabi/lib/thumb/v7-m/nofp/libc_nano.a(libc_a-memset.o)
 .ARM.attributes
                0x00000612       0x2d /usr/lib/gcc/arm-none-eabi/13.1.0/../../../../arm-none-eabi/lib/thumb/v7-m/nofp/libc_nano.a(libc_a-init.o)
 .ARM.attributes
                0x0000063f       0x2d /usr/lib/gcc/arm-none-eabi/13.1.0/thumb/v7-m/nofp/crtend.o
 .ARM.attributes
                0x0000066c       0x1d /usr/lib/gcc/arm-none-eabi/13.1.0/thumb/v7-m/nofp/crtn.o
 .ARM.attributes
                0x00000689       0x2d /usr/lib/gcc/arm-none-eabi/13.1.0/../../../../arm-none-eabi/lib/thumb/v7-m/nofp/libm.a(libm_a-w_sqrt.o)
 .ARM.attributes
                0x000006b6       0x2d /usr/lib/gcc/arm-none-eabi/13.1.0/../../../../arm-none-eabi/lib/thumb/v7-m/nofp/libm.a(libm_a-wf_sqrt.o)
 .ARM.attributes
                0x000006e3       0x2d /usr/lib/gcc/arm-none-eabi/13.1.0/../../../../arm-none-eabi/lib/thumb/v7-m/nofp/libm.a(libm_a-sf_atan.o)
 .ARM.attributes
                0x00000710       0x2d /usr/lib/gcc/arm-none-eabi/13.1.0/../../../../arm-none-eabi/lib/thumb/v7-m/nofp/libm.a(libm_a-sf_cos.o)
 .ARM.attributes
                0x0000073d       0x2d /usr/lib/gcc/arm-none-eabi/13.1.0/../../../../arm-none-eabi/lib/thumb/v7-m/nofp/libm.a(libm_a-sf_fabs.o)
 .ARM.attributes
                0x0000076a       0x2d /usr/lib/gcc/arm-none-eabi/13.1.0/../../../../arm-none-eabi/lib/thumb/v7-m/nofp/libm.a(libm_a-sf_sin.o)
 .ARM.attributes
                0x00000797       0x2d /usr/lib/gcc/arm-none-eabi/13.1.0/../../../../arm-none-eabi/lib/thumb/v7-m/nofp/libm.a(libm_a-sf_tan.o)
 .ARM.attributes
                0x000007c4       0x2d /usr/lib/gcc/arm-none-eabi/13.1.0/../../../../arm-none-eabi/lib/thumb/v7-m/nofp/libm.a(libm_a-e_sqrt.o)
 .ARM.attributes
                0x000007f1       0x2d /usr/lib/gcc/arm-none-eabi/13.1.0/../../../../arm-none-eabi/lib/thumb/v7-m/nofp/libm.a(libm_a-ef_sqrt.o)
 .ARM.attributes
                0x0000081e       0x2d /usr/lib/gcc/arm-none-eabi/13.1.0/../../../../arm-none-eabi/lib/thumb/v7-m/nofp/libm.a(libm_a-kf_cos.o)
 .ARM.attributes
                0x0000084b       0x2d /usr/lib/gcc/arm-none-eabi/13.1.0/../../../../arm-none-eabi/lib/thumb/v7-m/nofp/libm.a(libm_a-kf_sin.o)
 .ARM.attributes
                0x00000878       0x2d /usr/lib/gcc/arm-none-eabi/13.1.0/../../../../arm-none-eabi/lib/thumb/v7-m/nofp/libm.a(libm_a-kf_tan.o)
 .ARM.attributes
                0x000008a5       0x2d /usr/lib/gcc/arm-none-eabi/13.1.0/../../../../arm-none-eabi/lib/thumb/v7-m/nofp/libm.a(libm_a-ef_rem_pio2.o)
 .ARM.attributes
                0x000008d2       0x2d /usr/lib/gcc/arm-none-eabi/13.1.0/../../../../arm-none-eabi/lib/thumb/v7-m/nofp/libm.a(libm_a-kf_rem_pio2.o)
 .ARM.attributes
                0x000008ff       0x2d /usr/lib/gcc/arm-none-eabi/13.1.0/../../../../arm-none-eabi/lib/thumb/v7-m/nofp/libm.a(libm_a-sf_scalbn.o)
 .ARM.attributes
                0x0000092c       0x2d /usr/lib/gcc/arm-none-eabi/13.1.0/../../../../arm-none-eabi/lib/thumb/v7-m/nofp/libm.a(libm_a-sf_floor.o)
 .ARM.attributes
                0x00000959       0x1d /usr/lib/gcc/arm-none-eabi/13.1.0/thumb/v7-m/nofp/libgcc.a(_arm_cmpdf2.o)
 .ARM.attributes
                0x00000976       0x1d /usr/lib/gcc/arm-none-eabi/13.1.0/thumb/v7-m/nofp/libgcc.a(_arm_unorddf2.o)
 .ARM.attributes
                0x00000993       0x1d /usr/lib/gcc/arm-none-eabi/13.1.0/thumb/v7-m/nofp/libgcc.a(_arm_unordsf2.o)
OUTPUT(quadcopter_dsp.elf elf32-littlearm)
LOAD linker stubs
LOAD /usr/lib/gcc/arm-none-eabi/13.1.0/../../../../arm-none-eabi/lib/thumb/v7-m/nofp/libc.a
LOAD /usr/lib/gcc/arm-none-eabi/13.1.0/../../../../arm-none-eabi/lib/thumb/v7-m/nofp/libm.a
LOAD /usr/lib/gcc/arm-none-eabi/13.1.0/thumb/v7-m/nofp/libgcc.a

.comment        0x00000000       0x46
 .comment       0x00000000       0x23 /usr/lib/gcc/arm-none-eabi/13.1.0/thumb/v7-m/nofp/crtbegin.o
                                 0x24 (size before relaxing)
 .comment       0x00000023       0x24 CMakeFiles/quadcopter_dsp.dir/Drivers/STM32F1xx_HAL_Driver/Src/stm32f1xx_hal.c.obj
 .comment       0x00000023       0x24 CMakeFiles/quadcopter_dsp.dir/Drivers/STM32F1xx_HAL_Driver/Src/stm32f1xx_hal_cortex.c.obj
 .comment       0x00000023       0x24 CMakeFiles/quadcopter_dsp.dir/Drivers/STM32F1xx_HAL_Driver/Src/stm32f1xx_hal_dma.c.obj
 .comment       0x00000023       0x24 CMakeFiles/quadcopter_dsp.dir/Drivers/STM32F1xx_HAL_Driver/Src/stm32f1xx_hal_gpio.c.obj
 .comment       0x00000023       0x24 CMakeFiles/quadcopter_dsp.dir/Drivers/STM32F1xx_HAL_Driver/Src/stm32f1xx_hal_i2c.c.obj
 .comment       0x00000023       0x24 CMakeFiles/quadcopter_dsp.dir/Drivers/STM32F1xx_HAL_Driver/Src/stm32f1xx_hal_rcc.c.obj
 .comment       0x00000023       0x24 CMakeFiles/quadcopter_dsp.dir/Drivers/STM32F1xx_HAL_Driver/Src/stm32f1xx_hal_spi.c.obj
 .comment       0x00000023       0x24 CMakeFiles/quadcopter_dsp.dir/Drivers/STM32F1xx_HAL_Driver/Src/stm32f1xx_hal_tim.c.obj
 .comment       0x00000023       0x24 CMakeFiles/quadcopter_dsp.dir/Drivers/STM32F1xx_HAL_Driver/Src/stm32f1xx_hal_tim_ex.c.obj
 .comment       0x00000023       0x24 CMakeFiles/quadcopter_dsp.dir/Core/Src/dma.c.obj
 .comment       0x00000023       0x24 CMakeFiles/quadcopter_dsp.dir/Core/Src/drivers/motors.c.obj
 .comment       0x00000023       0x24 CMakeFiles/quadcopter_dsp.dir/Core/Src/drivers/mpu6050.c.obj
 .comment       0x00000023       0x24 CMakeFiles/quadcopter_dsp.dir/Core/Src/drivers/nrf24l01.c.obj
 .comment       0x00000023       0x24 CMakeFiles/quadcopter_dsp.dir/Core/Src/dsp/angle_estimation.c.obj
 .comment       0x00000023       0x24 CMakeFiles/quadcopter_dsp.dir/Core/Src/dsp/filters.c.obj
 .comment       0x00000023       0x24 CMakeFiles/quadcopter_dsp.dir/Core/Src/dsp/pid.c.obj
 .comment       0x00000023       0x24 CMakeFiles/quadcopter_dsp.dir/Core/Src/dsp/stabilizer.c.obj
 .comment       0x00000023       0x24 CMakeFiles/quadcopter_dsp.dir/Core/Src/gpio.c.obj
 .comment       0x00000023       0x24 CMakeFiles/quadcopter_dsp.dir/Core/Src/i2c.c.obj
 .comment       0x00000023       0x24 CMakeFiles/quadcopter_dsp.dir/Core/Src/main.c.obj
 .comment       0x00000023       0x24 CMakeFiles/quadcopter_dsp.dir/Core/Src/rc.c.obj
 .comment       0x00000023       0x24 CMakeFiles/quadcopter_dsp.dir/Core/Src/spi.c.obj
 .comment       0x00000023       0x24 CMakeFiles/quadcopter_dsp.dir/Core/Src/stm32f1xx_hal_msp.c.obj
 .comment       0x00000023       0x24 CMakeFiles/quadcopter_dsp.dir/Core/Src/stm32f1xx_it.c.obj
 .comment       0x00000023       0x24 CMakeFiles/quadcopter_dsp.dir/Core/Src/system_stm32f1xx.c.obj
 .comment       0x00000023       0x24 CMakeFiles/quadcopter_dsp.dir/Core/Src/tim.c.obj
 .comment       0x00000023       0x23 /usr/lib/gcc/arm-none-eabi/13.1.0/../../../../arm-none-eabi/lib/thumb/v7-m/nofp/libc_nano.a(libc_a-memset.o)
                                 0x24 (size before relaxing)
 .comment       0x00000046       0x24 /usr/lib/gcc/arm-none-eabi/13.1.0/../../../../arm-none-eabi/lib/thumb/v7-m/nofp/libc_nano.a(libc_a-init.o)
 .comment       0x00000046       0x24 /usr/lib/gcc/arm-none-eabi/13.1.0/thumb/v7-m/nofp/crtend.o
 .comment       0x00000046       0x24 /usr/lib/gcc/arm-none-eabi/13.1.0/../../../../arm-none-eabi/lib/thumb/v7-m/nofp/libm.a(libm_a-w_sqrt.o)
 .comment       0x00000046       0x24 /usr/lib/gcc/arm-none-eabi/13.1.0/../../../../arm-none-eabi/lib/thumb/v7-m/nofp/libm.a(libm_a-wf_sqrt.o)
 .comment       0x00000046       0x24 /usr/lib/gcc/arm-none-eabi/13.1.0/../../../../arm-none-eabi/lib/thumb/v7-m/nofp/libm.a(libm_a-sf_atan.o)
 .comment       0x00000046       0x24 /usr/lib/gcc/arm-none-eabi/13.1.0/../../../../arm-none-eabi/lib/thumb/v7-m/nofp/libm.a(libm_a-sf_cos.o)
 .comment       0x00000046       0x24 /usr/lib/gcc/arm-none-eabi/13.1.0/../../../../arm-none-eabi/lib/thumb/v7-m/nofp/libm.a(libm_a-sf_fabs.o)
 .comment       0x00000046       0x24 /usr/lib/gcc/arm-none-eabi/13.1.0/../../../../arm-none-eabi/lib/thumb/v7-m/nofp/libm.a(libm_a-sf_sin.o)
 .comment       0x00000046       0x24 /usr/lib/gcc/arm-none-eabi/13.1.0/../../../../arm-none-eabi/lib/thumb/v7-m/nofp/libm.a(libm_a-sf_tan.o)
 .comment       0x00000046       0x24 /usr/lib/gcc/arm-none-eabi/13.1.0/../../../../arm-none-eabi/lib/thumb/v7-m/nofp/libm.a(libm_a-e_sqrt.o)
 .comment       0x00000046       0x24 /usr/lib/gcc/arm-none-eabi/13.1.0/../../../../arm-none-eabi/lib/thumb/v7-m/nofp/libm.a(libm_a-ef_sqrt.o)
 .comment       0x00000046       0x24 /usr/lib/gcc/arm-none-eabi/13.1.0/../../../../arm-none-eabi/lib/thumb/v7-m/nofp/libm.a(libm_a-kf_cos.o)
 .comment       0x00000046       0x24 /usr/lib/gcc/arm-none-eabi/13.1.0/../../../../arm-none-eabi/lib/thumb/v7-m/nofp/libm.a(libm_a-kf_sin.o)
 .comment       0x00000046       0x24 /usr/lib/gcc/arm-none-eabi/13.1.0/../../../../arm-none-eabi/lib/thumb/v7-m/nofp/libm.a(libm_a-kf_tan.o)
 .comment       0x00000046       0x24 /usr/lib/gcc/arm-none-eabi/13.1.0/../../../../arm-none-eabi/lib/thumb/v7-m/nofp/libm.a(libm_a-ef_rem_pio2.o)
 .comment       0x00000046       0x24 /usr/lib/gcc/arm-none-eabi/13.1.0/../../../../arm-none-eabi/lib/thumb/v7-m/nofp/libm.a(libm_a-kf_rem_pio2.o)
 .comment       0x00000046       0x24 /usr/lib/gcc/arm-none-eabi/13.1.0/../../../../arm-none-eabi/lib/thumb/v7-m/nofp/libm.a(libm_a-sf_scalbn.o)
 .comment       0x00000046       0x24 /usr/lib/gcc/arm-none-eabi/13.1.0/../../../../arm-none-eabi/lib/thumb/v7-m/nofp/libm.a(libm_a-sf_floor.o)

.debug_line     0x00000000     0x391f
 .debug_line    0x00000000      0x16f /usr/lib/gcc/arm-none-eabi/13.1.0/thumb/v7-m/nofp/libgcc.a(_arm_addsubdf3.o)
 .debug_line    0x0000016f      0x184 /usr/lib/gcc/arm-none-eabi/13.1.0/thumb/v7-m/nofp/libgcc.a(_arm_muldivdf3.o)
 .debug_line    0x000002f3       0x5e /usr/lib/gcc/arm-none-eabi/13.1.0/thumb/v7-m/nofp/libgcc.a(_arm_fixunsdfsi.o)
 .debug_line    0x00000351       0x76 /usr/lib/gcc/arm-none-eabi/13.1.0/thumb/v7-m/nofp/libgcc.a(_arm_truncdfsf2.o)
 .debug_line    0x000003c7      0x103 /usr/lib/gcc/arm-none-eabi/13.1.0/thumb/v7-m/nofp/libgcc.a(_arm_addsubsf3.o)
 .debug_line    0x000004ca      0x123 /usr/lib/gcc/arm-none-eabi/13.1.0/thumb/v7-m/nofp/libgcc.a(_arm_muldivsf3.o)
 .debug_line    0x000005ed       0x9a /usr/lib/gcc/arm-none-eabi/13.1.0/thumb/v7-m/nofp/libgcc.a(_arm_cmpsf2.o)
 .debug_line    0x00000687       0x62 /usr/lib/gcc/arm-none-eabi/13.1.0/thumb/v7-m/nofp/libgcc.a(_arm_fixsfsi.o)
 .debug_line    0x000006e9      0x103 /usr/lib/gcc/arm-none-eabi/13.1.0/../../../../arm-none-eabi/lib/thumb/v7-m/nofp/libc_nano.a(libc_a-memset.o)
 .debug_line    0x000007ec       0xfc /usr/lib/gcc/arm-none-eabi/13.1.0/../../../../arm-none-eabi/lib/thumb/v7-m/nofp/libc_nano.a(libc_a-init.o)
 .debug_line    0x000008e8      0x167 /usr/lib/gcc/arm-none-eabi/13.1.0/../../../../arm-none-eabi/lib/thumb/v7-m/nofp/libm.a(libm_a-w_sqrt.o)
 .debug_line    0x00000a4f      0x173 /usr/lib/gcc/arm-none-eabi/13.1.0/../../../../arm-none-eabi/lib/thumb/v7-m/nofp/libm.a(libm_a-wf_sqrt.o)
 .debug_line    0x00000bc2      0x307 /usr/lib/gcc/arm-none-eabi/13.1.0/../../../../arm-none-eabi/lib/thumb/v7-m/nofp/libm.a(libm_a-sf_atan.o)
 .debug_line    0x00000ec9      0x1d8 /usr/lib/gcc/arm-none-eabi/13.1.0/../../../../arm-none-eabi/lib/thumb/v7-m/nofp/libm.a(libm_a-sf_cos.o)
 .debug_line    0x000010a1      0x156 /usr/lib/gcc/arm-none-eabi/13.1.0/../../../../arm-none-eabi/lib/thumb/v7-m/nofp/libm.a(libm_a-sf_fabs.o)
 .debug_line    0x000011f7      0x1d4 /usr/lib/gcc/arm-none-eabi/13.1.0/../../../../arm-none-eabi/lib/thumb/v7-m/nofp/libm.a(libm_a-sf_sin.o)
 .debug_line    0x000013cb      0x1a7 /usr/lib/gcc/arm-none-eabi/13.1.0/../../../../arm-none-eabi/lib/thumb/v7-m/nofp/libm.a(libm_a-sf_tan.o)
 .debug_line    0x00001572      0x458 /usr/lib/gcc/arm-none-eabi/13.1.0/../../../../arm-none-eabi/lib/thumb/v7-m/nofp/libm.a(libm_a-e_sqrt.o)
 .debug_line    0x000019ca      0x2ca /usr/lib/gcc/arm-none-eabi/13.1.0/../../../../arm-none-eabi/lib/thumb/v7-m/nofp/libm.a(libm_a-ef_sqrt.o)
 .debug_line    0x00001c94      0x20e /usr/lib/gcc/arm-none-eabi/13.1.0/../../../../arm-none-eabi/lib/thumb/v7-m/nofp/libm.a(libm_a-kf_cos.o)
 .debug_line    0x00001ea2      0x1bc /usr/lib/gcc/arm-none-eabi/13.1.0/../../../../arm-none-eabi/lib/thumb/v7-m/nofp/libm.a(libm_a-kf_sin.o)
 .debug_line    0x0000205e      0x34f /usr/lib/gcc/arm-none-eabi/13.1.0/../../../../arm-none-eabi/lib/thumb/v7-m/nofp/libm.a(libm_a-kf_tan.o)
 .debug_line    0x000023ad      0x511 /usr/lib/gcc/arm-none-eabi/13.1.0/../../../../arm-none-eabi/lib/thumb/v7-m/nofp/libm.a(libm_a-ef_rem_pio2.o)
 .debug_line    0x000028be      0xa7d /usr/lib/gcc/arm-none-eabi/13.1.0/../../../../arm-none-eabi/lib/thumb/v7-m/nofp/libm.a(libm_a-kf_rem_pio2.o)
 .debug_line    0x0000333b      0x244 /usr/lib/gcc/arm-none-eabi/13.1.0/../../../../arm-none-eabi/lib/thumb/v7-m/nofp/libm.a(libm_a-sf_scalbn.o)
 .debug_line    0x0000357f      0x24c /usr/lib/gcc/arm-none-eabi/13.1.0/../../../../arm-none-eabi/lib/thumb/v7-m/nofp/libm.a(libm_a-sf_floor.o)
 .debug_line    0x000037cb       0xa6 /usr/lib/gcc/arm-none-eabi/13.1.0/thumb/v7-m/nofp/libgcc.a(_arm_cmpdf2.o)
 .debug_line    0x00003871       0x57 /usr/lib/gcc/arm-none-eabi/13.1.0/thumb/v7-m/nofp/libgcc.a(_arm_unorddf2.o)
 .debug_line    0x000038c8       0x57 /usr/lib/gcc/arm-none-eabi/13.1.0/thumb/v7-m/nofp/libgcc.a(_arm_unordsf2.o)

.debug_line_str
                0x00000000       0xb2
 .debug_line_str
                0x00000000       0xa5 /usr/lib/gcc/arm-none-eabi/13.1.0/thumb/v7-m/nofp/libgcc.a(_arm_addsubdf3.o)
 .debug_line_str
                0x000000a5       0xa5 /usr/lib/gcc/arm-none-eabi/13.1.0/thumb/v7-m/nofp/libgcc.a(_arm_muldivdf3.o)
 .debug_line_str
                0x000000a5       0xa5 /usr/lib/gcc/arm-none-eabi/13.1.0/thumb/v7-m/nofp/libgcc.a(_arm_fixunsdfsi.o)
 .debug_line_str
                0x000000a5       0xa5 /usr/lib/gcc/arm-none-eabi/13.1.0/thumb/v7-m/nofp/libgcc.a(_arm_truncdfsf2.o)
 .debug_line_str
                0x000000a5        0xd /usr/lib/gcc/arm-none-eabi/13.1.0/thumb/v7-m/nofp/libgcc.a(_arm_addsubsf3.o)
                                 0xa5 (size before relaxing)
 .debug_line_str
                0x000000b2       0xa5 /usr/lib/gcc/arm-none-eabi/13.1.0/thumb/v7-m/nofp/libgcc.a(_arm_muldivsf3.o)
 .debug_line_str
                0x000000b2       0xa5 /usr/lib/gcc/arm-none-eabi/13.1.0/thumb/v7-m/nofp/libgcc.a(_arm_cmpsf2.o)
 .debug_line_str
                0x000000b2       0xa5 /usr/lib/gcc/arm-none-eabi/13.1.0/thumb/v7-m/nofp/libgcc.a(_arm_fixsfsi.o)
 .debug_line_str
                0x000000b2       0xa5 /usr/lib/gcc/arm-none-eabi/13.1.0/thumb/v7-m/nofp/libgcc.a(_arm_cmpdf2.o)
 .debug_line_str
                0x000000b2       0xa5 /usr/lib/gcc/arm-none-eabi/13.1.0/thumb/v7-m/nofp/libgcc.a(_arm_unorddf2.o)
 .debug_line_str
                0x000000b2       0xa5 /usr/lib/gcc/arm-none-eabi/13.1.0/thumb/v7-m/nofp/libgcc.a(_arm_unordsf2.o)

.debug_info     0x00000000     0x3655
 .debug_info    0x00000000       0xd3 /usr/lib/gcc/arm-none-eabi/13.1.0/thumb/v7-m/nofp/libgcc.a(_arm_addsubdf3.o)
 .debug_info    0x000000d3       0x57 /usr/lib/gcc/arm-none-eabi/13.1.0/thumb/v7-m/nofp/libgcc.a(_arm_muldivdf3.o)
 .debug_info    0x0000012a       0x3c /usr/lib/gcc/arm-none-eabi/13.1.0/thumb/v7-m/nofp/libgcc.a(_arm_fixunsdfsi.o)
 .debug_info    0x00000166       0x3f /usr/lib/gcc/arm-none-eabi/13.1.0/thumb/v7-m/nofp/libgcc.a(_arm_truncdfsf2.o)
 .debug_info    0x000001a5       0xca /usr/lib/gcc/arm-none-eabi/13.1.0/thumb/v7-m/nofp/libgcc.a(_arm_addsubsf3.o)
 .debug_info    0x0000026f       0x57 /usr/lib/gcc/arm-none-eabi/13.1.0/thumb/v7-m/nofp/libgcc.a(_arm_muldivsf3.o)
 .debug_info    0x000002c6       0xdb /usr/lib/gcc/arm-none-eabi/13.1.0/thumb/v7-m/nofp/libgcc.a(_arm_cmpsf2.o)
 .debug_info    0x000003a1       0x3c /usr/lib/gcc/arm-none-eabi/13.1.0/thumb/v7-m/nofp/libgcc.a(_arm_fixsfsi.o)
 .debug_info    0x000003dd       0xe0 /usr/lib/gcc/arm-none-eabi/13.1.0/../../../../arm-none-eabi/lib/thumb/v7-m/nofp/libc_nano.a(libc_a-memset.o)
 .debug_info    0x000004bd      0x10b /usr/lib/gcc/arm-none-eabi/13.1.0/../../../../arm-none-eabi/lib/thumb/v7-m/nofp/libc_nano.a(libc_a-init.o)
 .debug_info    0x000005c8      0x14b /usr/lib/gcc/arm-none-eabi/13.1.0/../../../../arm-none-eabi/lib/thumb/v7-m/nofp/libm.a(libm_a-w_sqrt.o)
 .debug_info    0x00000713      0x145 /usr/lib/gcc/arm-none-eabi/13.1.0/../../../../arm-none-eabi/lib/thumb/v7-m/nofp/libm.a(libm_a-wf_sqrt.o)
 .debug_info    0x00000858      0x406 /usr/lib/gcc/arm-none-eabi/13.1.0/../../../../arm-none-eabi/lib/thumb/v7-m/nofp/libm.a(libm_a-sf_atan.o)
 .debug_info    0x00000c5e      0x21a /usr/lib/gcc/arm-none-eabi/13.1.0/../../../../arm-none-eabi/lib/thumb/v7-m/nofp/libm.a(libm_a-sf_cos.o)
 .debug_info    0x00000e78      0x13e /usr/lib/gcc/arm-none-eabi/13.1.0/../../../../arm-none-eabi/lib/thumb/v7-m/nofp/libm.a(libm_a-sf_fabs.o)
 .debug_info    0x00000fb6      0x232 /usr/lib/gcc/arm-none-eabi/13.1.0/../../../../arm-none-eabi/lib/thumb/v7-m/nofp/libm.a(libm_a-sf_sin.o)
 .debug_info    0x000011e8      0x1e5 /usr/lib/gcc/arm-none-eabi/13.1.0/../../../../arm-none-eabi/lib/thumb/v7-m/nofp/libm.a(libm_a-sf_tan.o)
 .debug_info    0x000013cd      0x2e8 /usr/lib/gcc/arm-none-eabi/13.1.0/../../../../arm-none-eabi/lib/thumb/v7-m/nofp/libm.a(libm_a-e_sqrt.o)
 .debug_info    0x000016b5      0x27f /usr/lib/gcc/arm-none-eabi/13.1.0/../../../../arm-none-eabi/lib/thumb/v7-m/nofp/libm.a(libm_a-ef_sqrt.o)
 .debug_info    0x00001934      0x39c /usr/lib/gcc/arm-none-eabi/13.1.0/../../../../arm-none-eabi/lib/thumb/v7-m/nofp/libm.a(libm_a-kf_cos.o)
 .debug_info    0x00001cd0      0x2db /usr/lib/gcc/arm-none-eabi/13.1.0/../../../../arm-none-eabi/lib/thumb/v7-m/nofp/libm.a(libm_a-kf_sin.o)
 .debug_info    0x00001fab      0x54a /usr/lib/gcc/arm-none-eabi/13.1.0/../../../../arm-none-eabi/lib/thumb/v7-m/nofp/libm.a(libm_a-kf_tan.o)
 .debug_info    0x000024f5      0x60d /usr/lib/gcc/arm-none-eabi/13.1.0/../../../../arm-none-eabi/lib/thumb/v7-m/nofp/libm.a(libm_a-ef_rem_pio2.o)
 .debug_info    0x00002b02      0x5ce /usr/lib/gcc/arm-none-eabi/13.1.0/../../../../arm-none-eabi/lib/thumb/v7-m/nofp/libm.a(libm_a-kf_rem_pio2.o)
 .debug_info    0x000030d0      0x25d /usr/lib/gcc/arm-none-eabi/13.1.0/../../../../arm-none-eabi/lib/thumb/v7-m/nofp/libm.a(libm_a-sf_scalbn.o)
 .debug_info    0x0000332d      0x1d1 /usr/lib/gcc/arm-none-eabi/13.1.0/../../../../arm-none-eabi/lib/thumb/v7-m/nofp/libm.a(libm_a-sf_floor.o)
 .debug_info    0x000034fe       0xdf /usr/lib/gcc/arm-none-eabi/13.1.0/thumb/v7-m/nofp/libgcc.a(_arm_cmpdf2.o)
 .debug_info    0x000035dd       0x3c /usr/lib/gcc/arm-none-eabi/13.1.0/thumb/v7-m/nofp/libgcc.a(_arm_unorddf2.o)
 .debug_info    0x00003619       0x3c /usr/lib/gcc/arm-none-eabi/13.1.0/thumb/v7-m/nofp/libgcc.a(_arm_unordsf2.o)

.debug_abbrev   0x00000000     0x1648
 .debug_abbrev  0x00000000       0x28 /usr/lib/gcc/arm-none-eabi/13.1.0/thumb/v7-m/nofp/libgcc.a(_arm_addsubdf3.o)
 .debug_abbrev  0x00000028       0x28 /usr/lib/gcc/arm-none-eabi/13.1.0/thumb/v7-m/nofp/libgcc.a(_arm_muldivdf3.o)
 .debug_abbrev  0x00000050       0x28 /usr/lib/gcc/arm-none-eabi/13.1.0/thumb/v7-m/nofp/libgcc.a(_arm_fixunsdfsi.o)
 .debug_abbrev  0x00000078       0x28 /usr/lib/gcc/arm-none-eabi/13.1.0/thumb/v7-m/nofp/libgcc.a(_arm_truncdfsf2.o)
 .debug_abbrev  0x000000a0       0x28 /usr/lib/gcc/arm-none-eabi/13.1.0/thumb/v7-m/nofp/libgcc.a(_arm_addsubsf3.o)
 .debug_abbrev  0x000000c8       0x28 /usr/lib/gcc/arm-none-eabi/13.1.0/thumb/v7-m/nofp/libgcc.a(_arm_muldivsf3.o)
 .debug_abbrev  0x000000f0       0x28 /usr/lib/gcc/arm-none-eabi/13.1.0/thumb/v7-m/nofp/libgcc.a(_arm_cmpsf2.o)
 .debug_abbrev  0x00000118       0x28 /usr/lib/gcc/arm-none-eabi/13.1.0/thumb/v7-m/nofp/libgcc.a(_arm_fixsfsi.o)
 .debug_abbrev  0x00000140       0x9e /usr/lib/gcc/arm-none-eabi/13.1.0/../../../../arm-none-eabi/lib/thumb/v7-m/nofp/libc_nano.a(libc_a-memset.o)
 .debug_abbrev  0x000001de       0xc9 /usr/lib/gcc/arm-none-eabi/13.1.0/../../../../arm-none-eabi/lib/thumb/v7-m/nofp/libc_nano.a(libc_a-init.o)
 .debug_abbrev  0x000002a7       0xd5 /usr/lib/gcc/arm-none-eabi/13.1.0/../../../../arm-none-eabi/lib/thumb/v7-m/nofp/libm.a(libm_a-w_sqrt.o)
 .debug_abbrev  0x0000037c       0xd5 /usr/lib/gcc/arm-none-eabi/13.1.0/../../../../arm-none-eabi/lib/thumb/v7-m/nofp/libm.a(libm_a-wf_sqrt.o)
 .debug_abbrev  0x00000451      0x149 /usr/lib/gcc/arm-none-eabi/13.1.0/../../../../arm-none-eabi/lib/thumb/v7-m/nofp/libm.a(libm_a-sf_atan.o)
 .debug_abbrev  0x0000059a      0x167 /usr/lib/gcc/arm-none-eabi/13.1.0/../../../../arm-none-eabi/lib/thumb/v7-m/nofp/libm.a(libm_a-sf_cos.o)
 .debug_abbrev  0x00000701       0xd4 /usr/lib/gcc/arm-none-eabi/13.1.0/../../../../arm-none-eabi/lib/thumb/v7-m/nofp/libm.a(libm_a-sf_fabs.o)
 .debug_abbrev  0x000007d5      0x160 /usr/lib/gcc/arm-none-eabi/13.1.0/../../../../arm-none-eabi/lib/thumb/v7-m/nofp/libm.a(libm_a-sf_sin.o)
 .debug_abbrev  0x00000935      0x15e /usr/lib/gcc/arm-none-eabi/13.1.0/../../../../arm-none-eabi/lib/thumb/v7-m/nofp/libm.a(libm_a-sf_tan.o)
 .debug_abbrev  0x00000a93      0x15e /usr/lib/gcc/arm-none-eabi/13.1.0/../../../../arm-none-eabi/lib/thumb/v7-m/nofp/libm.a(libm_a-e_sqrt.o)
 .debug_abbrev  0x00000bf1      0x11e /usr/lib/gcc/arm-none-eabi/13.1.0/../../../../arm-none-eabi/lib/thumb/v7-m/nofp/libm.a(libm_a-ef_sqrt.o)
 .debug_abbrev  0x00000d0f      0x109 /usr/lib/gcc/arm-none-eabi/13.1.0/../../../../arm-none-eabi/lib/thumb/v7-m/nofp/libm.a(libm_a-kf_cos.o)
 .debug_abbrev  0x00000e18      0x10e /usr/lib/gcc/arm-none-eabi/13.1.0/../../../../arm-none-eabi/lib/thumb/v7-m/nofp/libm.a(libm_a-kf_sin.o)
 .debug_abbrev  0x00000f26      0x170 /usr/lib/gcc/arm-none-eabi/13.1.0/../../../../arm-none-eabi/lib/thumb/v7-m/nofp/libm.a(libm_a-kf_tan.o)
 .debug_abbrev  0x00001096      0x191 /usr/lib/gcc/arm-none-eabi/13.1.0/../../../../arm-none-eabi/lib/thumb/v7-m/nofp/libm.a(libm_a-ef_rem_pio2.o)
 .debug_abbrev  0x00001227      0x16f /usr/lib/gcc/arm-none-eabi/13.1.0/../../../../arm-none-eabi/lib/thumb/v7-m/nofp/libm.a(libm_a-kf_rem_pio2.o)
 .debug_abbrev  0x00001396      0x127 /usr/lib/gcc/arm-none-eabi/13.1.0/../../../../arm-none-eabi/lib/thumb/v7-m/nofp/libm.a(libm_a-sf_scalbn.o)
 .debug_abbrev  0x000014bd      0x113 /usr/lib/gcc/arm-none-eabi/13.1.0/../../../../arm-none-eabi/lib/thumb/v7-m/nofp/libm.a(libm_a-sf_floor.o)
 .debug_abbrev  0x000015d0       0x28 /usr/lib/gcc/arm-none-eabi/13.1.0/thumb/v7-m/nofp/libgcc.a(_arm_cmpdf2.o)
 .debug_abbrev  0x000015f8       0x28 /usr/lib/gcc/arm-none-eabi/13.1.0/thumb/v7-m/nofp/libgcc.a(_arm_unorddf2.o)
 .debug_abbrev  0x00001620       0x28 /usr/lib/gcc/arm-none-eabi/13.1.0/thumb/v7-m/nofp/libgcc.a(_arm_unordsf2.o)

.debug_aranges  0x00000000      0x3a0
 .debug_aranges
                0x00000000       0x20 /usr/lib/gcc/arm-none-eabi/13.1.0/thumb/v7-m/nofp/libgcc.a(_arm_addsubdf3.o)
 .debug_aranges
                0x00000020       0x20 /usr/lib/gcc/arm-none-eabi/13.1.0/thumb/v7-m/nofp/libgcc.a(_arm_muldivdf3.o)
 .debug_aranges
                0x00000040       0x20 /usr/lib/gcc/arm-none-eabi/13.1.0/thumb/v7-m/nofp/libgcc.a(_arm_fixunsdfsi.o)
 .debug_aranges
                0x00000060       0x20 /usr/lib/gcc/arm-none-eabi/13.1.0/thumb/v7-m/nofp/libgcc.a(_arm_truncdfsf2.o)
 .debug_aranges
                0x00000080       0x20 /usr/lib/gcc/arm-none-eabi/13.1.0/thumb/v7-m/nofp/libgcc.a(_arm_addsubsf3.o)
 .debug_aranges
                0x000000a0       0x20 /usr/lib/gcc/arm-none-eabi/13.1.0/thumb/v7-m/nofp/libgcc.a(_arm_muldivsf3.o)
 .debug_aranges
                0x000000c0       0x20 /usr/lib/gcc/arm-none-eabi/13.1.0/thumb/v7-m/nofp/libgcc.a(_arm_cmpsf2.o)
 .debug_aranges
                0x000000e0       0x20 /usr/lib/gcc/arm-none-eabi/13.1.0/thumb/v7-m/nofp/libgcc.a(_arm_fixsfsi.o)
 .debug_aranges
                0x00000100       0x20 /usr/lib/gcc/arm-none-eabi/13.1.0/../../../../arm-none-eabi/lib/thumb/v7-m/nofp/libc_nano.a(libc_a-memset.o)
 .debug_aranges
                0x00000120       0x20 /usr/lib/gcc/arm-none-eabi/13.1.0/../../../../arm-none-eabi/lib/thumb/v7-m/nofp/libc_nano.a(libc_a-init.o)
 .debug_aranges
                0x00000140       0x20 /usr/lib/gcc/arm-none-eabi/13.1.0/../../../../arm-none-eabi/lib/thumb/v7-m/nofp/libm.a(libm_a-w_sqrt.o)
 .debug_aranges
                0x00000160       0x20 /usr/lib/gcc/arm-none-eabi/13.1.0/../../../../arm-none-eabi/lib/thumb/v7-m/nofp/libm.a(libm_a-wf_sqrt.o)
 .debug_aranges
                0x00000180       0x20 /usr/lib/gcc/arm-none-eabi/13.1.0/../../../../arm-none-eabi/lib/thumb/v7-m/nofp/libm.a(libm_a-sf_atan.o)
 .debug_aranges
                0x000001a0       0x20 /usr/lib/gcc/arm-none-eabi/13.1.0/../../../../arm-none-eabi/lib/thumb/v7-m/nofp/libm.a(libm_a-sf_cos.o)
 .debug_aranges
                0x000001c0       0x20 /usr/lib/gcc/arm-none-eabi/13.1.0/../../../../arm-none-eabi/lib/thumb/v7-m/nofp/libm.a(libm_a-sf_fabs.o)
 .debug_aranges
                0x000001e0       0x20 /usr/lib/gcc/arm-none-eabi/13.1.0/../../../../arm-none-eabi/lib/thumb/v7-m/nofp/libm.a(libm_a-sf_sin.o)
 .debug_aranges
                0x00000200       0x20 /usr/lib/gcc/arm-none-eabi/13.1.0/../../../../arm-none-eabi/lib/thumb/v7-m/nofp/libm.a(libm_a-sf_tan.o)
 .debug_aranges
                0x00000220       0x20 /usr/lib/gcc/arm-none-eabi/13.1.0/../../../../arm-none-eabi/lib/thumb/v7-m/nofp/libm.a(libm_a-e_sqrt.o)
 .debug_aranges
                0x00000240       0x20 /usr/lib/gcc/arm-none-eabi/13.1.0/../../../../arm-none-eabi/lib/thumb/v7-m/nofp/libm.a(libm_a-ef_sqrt.o)
 .debug_aranges
                0x00000260       0x20 /usr/lib/gcc/arm-none-eabi/13.1.0/../../../../arm-none-eabi/lib/thumb/v7-m/nofp/libm.a(libm_a-kf_cos.o)
 .debug_aranges
                0x00000280       0x20 /usr/lib/gcc/arm-none-eabi/13.1.0/../../../../arm-none-eabi/lib/thumb/v7-m/nofp/libm.a(libm_a-kf_sin.o)
 .debug_aranges
                0x000002a0       0x20 /usr/lib/gcc/arm-none-eabi/13.1.0/../../../../arm-none-eabi/lib/thumb/v7-m/nofp/libm.a(libm_a-kf_tan.o)
 .debug_aranges
                0x000002c0       0x20 /usr/lib/gcc/arm-none-eabi/13.1.0/../../../../arm-none-eabi/lib/thumb/v7-m/nofp/libm.a(libm_a-ef_rem_pio2.o)
 .debug_aranges
                0x000002e0       0x20 /usr/lib/gcc/arm-none-eabi/13.1.0/../../../../arm-none-eabi/lib/thumb/v7-m/nofp/libm.a(libm_a-kf_rem_pio2.o)
 .debug_aranges
                0x00000300       0x20 /usr/lib/gcc/arm-none-eabi/13.1.0/../../../../arm-none-eabi/lib/thumb/v7-m/nofp/libm.a(libm_a-sf_scalbn.o)
 .debug_aranges
                0x00000320       0x20 /usr/lib/gcc/arm-none-eabi/13.1.0/../../../../arm-none-eabi/lib/thumb/v7-m/nofp/libm.a(libm_a-sf_floor.o)
 .debug_aranges
                0x00000340       0x20 /usr/lib/gcc/arm-none-eabi/13.1.0/thumb/v7-m/nofp/libgcc.a(_arm_cmpdf2.o)
 .debug_aranges
                0x00000360       0x20 /usr/lib/gcc/arm-none-eabi/13.1.0/thumb/v7-m/nofp/libgcc.a(_arm_unorddf2.o)
 .debug_aranges
                0x00000380       0x20 /usr/lib/gcc/arm-none-eabi/13.1.0/thumb/v7-m/nofp/libgcc.a(_arm_unordsf2.o)

.debug_str      0x00000000      0xca5
 .debug_str     0x00000000      0x15d /usr/lib/gcc/arm-none-eabi/13.1.0/thumb/v7-m/nofp/libgcc.a(_arm_addsubdf3.o)
 .debug_str     0x0000015d       0x2c /usr/lib/gcc/arm-none-eabi/13.1.0/thumb/v7-m/nofp/libgcc.a(_arm_muldivdf3.o)
                                 0xdd (size before relaxing)
 .debug_str     0x00000189       0x1b /usr/lib/gcc/arm-none-eabi/13.1.0/thumb/v7-m/nofp/libgcc.a(_arm_fixunsdfsi.o)
                                 0xcc (size before relaxing)
 .debug_str     0x000001a4       0x19 /usr/lib/gcc/arm-none-eabi/13.1.0/thumb/v7-m/nofp/libgcc.a(_arm_truncdfsf2.o)
                                 0xca (size before relaxing)
 .debug_str     0x000001bd       0xdc /usr/lib/gcc/arm-none-eabi/13.1.0/thumb/v7-m/nofp/libgcc.a(_arm_addsubsf3.o)
                                0x151 (size before relaxing)
 .debug_str     0x00000299       0x2c /usr/lib/gcc/arm-none-eabi/13.1.0/thumb/v7-m/nofp/libgcc.a(_arm_muldivsf3.o)
                                 0xdd (size before relaxing)
 .debug_str     0x000002c5       0xb5 /usr/lib/gcc/arm-none-eabi/13.1.0/thumb/v7-m/nofp/libgcc.a(_arm_cmpsf2.o)
                                0x166 (size before relaxing)
 .debug_str     0x0000037a       0x17 /usr/lib/gcc/arm-none-eabi/13.1.0/thumb/v7-m/nofp/libgcc.a(_arm_fixsfsi.o)
                                 0xc8 (size before relaxing)
 .debug_str     0x00000391      0x174 /usr/lib/gcc/arm-none-eabi/13.1.0/../../../../arm-none-eabi/lib/thumb/v7-m/nofp/libc_nano.a(libc_a-memset.o)
                                0x1ad (size before relaxing)
 .debug_str     0x00000505       0x96 /usr/lib/gcc/arm-none-eabi/13.1.0/../../../../arm-none-eabi/lib/thumb/v7-m/nofp/libc_nano.a(libc_a-init.o)
                                0x20e (size before relaxing)
 .debug_str     0x0000059b      0x145 /usr/lib/gcc/arm-none-eabi/13.1.0/../../../../arm-none-eabi/lib/thumb/v7-m/nofp/libm.a(libm_a-w_sqrt.o)
                                0x1f3 (size before relaxing)
 .debug_str     0x000006e0       0x4c /usr/lib/gcc/arm-none-eabi/13.1.0/../../../../arm-none-eabi/lib/thumb/v7-m/nofp/libm.a(libm_a-wf_sqrt.o)
                                0x1f6 (size before relaxing)
 .debug_str     0x0000072c       0x87 /usr/lib/gcc/arm-none-eabi/13.1.0/../../../../arm-none-eabi/lib/thumb/v7-m/nofp/libm.a(libm_a-sf_atan.o)
                                0x24a (size before relaxing)
 .debug_str     0x000007b3       0x5c /usr/lib/gcc/arm-none-eabi/13.1.0/../../../../arm-none-eabi/lib/thumb/v7-m/nofp/libm.a(libm_a-sf_cos.o)
                                0x229 (size before relaxing)